Archive member included to satisfy reference by file (symbol)

c:/project/stm32fx_iolib/stm32f4x_iolib/stm32f4x_iolib_168MHz_8MHz.a(startup_stm32f4xx.o)
                              (Reset_Handler)
c:/project/stm32fx_iolib/stm32f4x_iolib/stm32f4x_iolib_168MHz_8MHz.a(system_stm32f4xx.o)
                              c:/project/stm32fx_iolib/stm32f4x_iolib/stm32f4x_iolib_168MHz_8MHz.a(startup_stm32f4xx.o) (SystemInit)
c:/project/stm32fx_iolib/stm32f4x_iolib/stm32f4x_iolib_168MHz_8MHz.a(misc.o)
                              FLASH_RUN/main.o (NVIC_PriorityGroupConfig)
c:/project/stm32fx_iolib/stm32f4x_iolib/stm32f4x_iolib_168MHz_8MHz.a(stm32f4xx_adc.o)
                              FLASH_RUN/adc.o (ADC_Init)
c:/project/stm32fx_iolib/stm32f4x_iolib/stm32f4x_iolib_168MHz_8MHz.a(stm32f4xx_dac.o)
                              FLASH_RUN/dac1.o (DAC_Init)
c:/project/stm32fx_iolib/stm32f4x_iolib/stm32f4x_iolib_168MHz_8MHz.a(stm32f4xx_dma.o)
                              FLASH_RUN/sdio_sdcard.o (DMA_DeInit)
c:/project/stm32fx_iolib/stm32f4x_iolib/stm32f4x_iolib_168MHz_8MHz.a(stm32f4xx_exti.o)
                              FLASH_RUN/rtc.o (EXTI_Init)
c:/project/stm32fx_iolib/stm32f4x_iolib/stm32f4x_iolib_168MHz_8MHz.a(stm32f4xx_flash.o)
                              FLASH_RUN/main.o (FLASH_Unlock)
c:/project/stm32fx_iolib/stm32f4x_iolib/stm32f4x_iolib_168MHz_8MHz.a(stm32f4xx_gpio.o)
                              FLASH_RUN/ext_sram.o (GPIO_Init)
c:/project/stm32fx_iolib/stm32f4x_iolib/stm32f4x_iolib_168MHz_8MHz.a(stm32f4xx_i2c.o)
                              FLASH_RUN/i2c_app.o (I2C_DeInit)
c:/project/stm32fx_iolib/stm32f4x_iolib/stm32f4x_iolib_168MHz_8MHz.a(stm32f4xx_iwdg.o)
                              FLASH_RUN/main.o (IWDG_WriteAccessCmd)
c:/project/stm32fx_iolib/stm32f4x_iolib/stm32f4x_iolib_168MHz_8MHz.a(stm32f4xx_pwr.o)
                              FLASH_RUN/rtc.o (PWR_BackupAccessCmd)
c:/project/stm32fx_iolib/stm32f4x_iolib/stm32f4x_iolib_168MHz_8MHz.a(stm32f4xx_rcc.o)
                              FLASH_RUN/rtc.o (RCC_LSEConfig)
c:/project/stm32fx_iolib/stm32f4x_iolib/stm32f4x_iolib_168MHz_8MHz.a(stm32f4xx_rtc.o)
                              FLASH_RUN/rtc.o (RTC_Init)
c:/project/stm32fx_iolib/stm32f4x_iolib/stm32f4x_iolib_168MHz_8MHz.a(stm32f4xx_sdio.o)
                              FLASH_RUN/sdio_sdcard.o (SDIO_Init)
c:/project/stm32fx_iolib/stm32f4x_iolib/stm32f4x_iolib_168MHz_8MHz.a(stm32f4xx_spi.o)
                              FLASH_RUN/i2s.o (I2S_Init)
c:/project/stm32fx_iolib/stm32f4x_iolib/stm32f4x_iolib_168MHz_8MHz.a(stm32f4xx_tim.o)
                              FLASH_RUN/touch_pad.o (TIM_TimeBaseInit)
c:/project/stm32fx_iolib/stm32f4x_iolib/stm32f4x_iolib_168MHz_8MHz.a(stm32f4xx_usart.o)
                              FLASH_RUN/serial.o (USART_DeInit)
c:/project/stm32fx_iolib/stm32f4x_iolib/stm32f4x_iolib_168MHz_8MHz.a(stm32f4xx_fsmc.o)
                              FLASH_RUN/lcd.o (FSMC_NORSRAMInit)
source/audio_codec/mp3/mp3.a(mp3dec.o)
                              FLASH_RUN/mp3play.o (MP3InitDecoder)
source/audio_codec/mp3/mp3.a(mp3tabs.o)
                              source/audio_codec/mp3/mp3.a(mp3dec.o) (xmp3_samplesPerFrameTab)
source/audio_codec/mp3/mp3.a(scalfact.o)
                              source/audio_codec/mp3/mp3.a(mp3dec.o) (xmp3_UnpackScaleFactors)
source/audio_codec/mp3/mp3.a(subband.o)
                              source/audio_codec/mp3/mp3.a(mp3dec.o) (xmp3_Subband)
source/audio_codec/mp3/mp3.a(trigtabs.o)
                              source/audio_codec/mp3/mp3.a(subband.o) (xmp3_polyCoef)
source/audio_codec/mp3/mp3.a(asmpoly_thumb2.o)
                              source/audio_codec/mp3/mp3.a(subband.o) (xmp3_PolyphaseStereo)
source/audio_codec/mp3/mp3.a(bitstream.o)
                              source/audio_codec/mp3/mp3.a(scalfact.o) (xmp3_SetBitstreamPointer)
source/audio_codec/mp3/mp3.a(buffers.o)
                              source/audio_codec/mp3/mp3.a(mp3dec.o) (xmp3_FreeBuffers)
source/audio_codec/mp3/mp3.a(dct32.o)
                              source/audio_codec/mp3/mp3.a(subband.o) (xmp3_FDCT32)
source/audio_codec/mp3/mp3.a(dequant.o)
                              source/audio_codec/mp3/mp3.a(mp3dec.o) (xmp3_Dequantize)
source/audio_codec/mp3/mp3.a(dqchan.o)
                              source/audio_codec/mp3/mp3.a(dequant.o) (xmp3_DequantChannel)
source/audio_codec/mp3/mp3.a(huffman.o)
                              source/audio_codec/mp3/mp3.a(mp3dec.o) (xmp3_DecodeHuffman)
source/audio_codec/mp3/mp3.a(hufftabs.o)
                              source/audio_codec/mp3/mp3.a(huffman.o) (xmp3_quadTabMaxBits)
source/audio_codec/mp3/mp3.a(imdct.o)
                              source/audio_codec/mp3/mp3.a(mp3dec.o) (xmp3_IMDCT)
source/audio_codec/mp3/mp3.a(stproc.o)
                              source/audio_codec/mp3/mp3.a(dequant.o) (xmp3_MidSideProc)
[...]
Memory Configuration

Name             Origin             Length             Attributes
RAM              0x20000000         0x00020000         xrw
EXTSRAM          0x10000000         0x00010000         xrw
FLASH            0x08008000         0x000f8000         xr
FLASHB1          0x00000000         0x00000000         xr
EXTMEMB0         0x00000000         0x00000000         xr
EXTMEMB1         0x00000000         0x00000000         xr
EXTMEMB2         0x00000000         0x00000000         xr
EXTMEMB3         0x00000000         0x00000000         xr
*default*        0x00000000         0xffffffff

Linker script and memory map

LOAD FLASH_RUN/main.o
LOAD FLASH_RUN/serial.o
LOAD FLASH_RUN/i2c_app.o
LOAD FLASH_RUN/key.o
LOAD FLASH_RUN/lcd.o
LOAD FLASH_RUN/print.o
LOAD FLASH_RUN/random_disp.o
LOAD FLASH_RUN/touch_panel.o
LOAD FLASH_RUN/touch_pad.o
LOAD FLASH_RUN/ir_remocon.o
LOAD FLASH_RUN/adc.o
LOAD FLASH_RUN/dac1.o
LOAD FLASH_RUN/wm8978.o
LOAD FLASH_RUN/sdio_sdcard.o
LOAD FLASH_RUN/i2s.o
LOAD FLASH_RUN/ext_sram.o
LOAD FLASH_RUN/rtc.o
LOAD FLASH_RUN/ff.o
LOAD FLASH_RUN/diskio.o
LOAD FLASH_RUN/cc949.o
LOAD FLASH_RUN/audio.o
LOAD FLASH_RUN/mp3play.o
LOAD FLASH_RUN/wavplay.o
LOAD FLASH_RUN/flacplay.o
LOAD FLASH_RUN/apeplay.o
LOAD c:/project/stm32fx_iolib/stm32f4x_iolib/stm32f4x_iolib_168MHz_8MHz.a
LOAD source/audio_codec/mp3/mp3.a
LOAD source/audio_codec/flac/flac.a
LOAD source/audio_codec/ape/ape.a
LOAD c:/program files (x86)/arm gnu toolchain arm-none-eabi/12.2 mpacbti-rel1/bin/../lib/gcc/arm-none-eabi/12.2.1/thumb/v7e-m+fp/hard\libc.a
LOAD c:/program files (x86)/arm gnu toolchain arm-none-eabi/12.2 mpacbti-rel1/bin/../lib/gcc/arm-none-eabi/12.2.1/thumb/v7e-m+fp/hard\libm.a
LOAD c:/program files (x86)/arm gnu toolchain arm-none-eabi/12.2 mpacbti-rel1/bin/../lib/gcc/arm-none-eabi/12.2.1/thumb/v7e-m+fp/hard\libc.a
LOAD c:/program files (x86)/arm gnu toolchain arm-none-eabi/12.2 mpacbti-rel1/bin/../lib/gcc/arm-none-eabi/12.2.1/thumb/v7e-m+fp/hard\libgcc.a
LOAD c:/program files (x86)/arm gnu toolchain arm-none-eabi/12.2 mpacbti-rel1/bin/../lib/gcc/arm-none-eabi/12.2.1/thumb/v7e-m+fp/hard\libstdc++.a
START GROUP
LOAD c:/program files (x86)/arm gnu toolchain arm-none-eabi/12.2 mpacbti-rel1/bin/../lib/gcc/arm-none-eabi/12.2.1/thumb/v7e-m+fp/hard\libgcc.a
LOAD c:/program files (x86)/arm gnu toolchain arm-none-eabi/12.2 mpacbti-rel1/bin/../lib/gcc/arm-none-eabi/12.2.1/thumb/v7e-m+fp/hard\libg.a
LOAD c:/program files (x86)/arm gnu toolchain arm-none-eabi/12.2 mpacbti-rel1/bin/../lib/gcc/arm-none-eabi/12.2.1/thumb/v7e-m+fp/hard\libc.a
END GROUP
                0x20020000                        _estack = (ORIGIN (RAM) + LENGTH (RAM))
                0x00001000                        _Minimum_Stack_Size = 0x1000
                0x00000001                        ASSERT ((ORIGIN (FLASH) == ALIGN (ORIGIN (FLASH), 0x80)), Start of memory region flash not aligned for startup vector table)

.text           0x08008000    0x14f60
                0x08008000                        . = ALIGN (0x80)
                0x00008000                        _isr_vectorsflash_offs = (. - 0x8000000)
 *(.isr_vectorsflash)
 .isr_vectorsflash
                0x08008000      0x1d8 c:/project/stm32fx_iolib/stm32f4x_iolib/stm32f4x_iolib_168MHz_8MHz.a(startup_stm32f4xx.o)
                0x08008000                g_pfnVectors
                0x080081d8                        . = ALIGN (0x4)
 CREATE_OBJECT_SYMBOLS
 *(.text .text.* .gnu.linkonce.t.*)
 .text.wait_ms  0x080081d8       0x2c FLASH_RUN/main.o
                0x080081d8                wait_ms
 .text.Periph_Configuration
                0x08008204       0x38 FLASH_RUN/main.o
                0x08008204                Periph_Configuration
 .text.GPIO_Configuration
                0x0800823c       0xe8 FLASH_RUN/main.o
                0x0800823c                GPIO_Configuration
 .text.NVIC_Configuration
                0x08008324       0x10 FLASH_RUN/main.o
                0x08008324                NVIC_Configuration
 .text.watch_dog_init
                0x08008334       0x24 FLASH_RUN/main.o
                0x08008334                watch_dog_init
 .text.tick_process
                0x08008358      0x1ac FLASH_RUN/main.o
                0x08008358                tick_process
 .text.memo_process
                0x08008504       0x70 FLASH_RUN/main.o
                0x08008504                memo_process
 .text.startup.main
                0x08008574      0x4e4 FLASH_RUN/main.o
                0x08008574                main
 .text.NVIC_SystemReset
                0x08008a58       0x24 FLASH_RUN/serial.o
 .text.USART1_IRQHandler
                0x08008a7c       0xec FLASH_RUN/serial.o
                0x08008a7c                USART1_IRQHandler
 .text.USART2_IRQHandler
                0x08008b68       0xf8 FLASH_RUN/serial.o
                0x08008b68                USART2_IRQHandler
 .text.USART3_IRQHandler
                0x08008c60       0xec FLASH_RUN/serial.o
                0x08008c60                USART3_IRQHandler
 .text.receive_check1
                0x08008d4c       0x7c FLASH_RUN/serial.o
                0x08008d4c                receive_check1
 .text.receive_check2
                0x08008dc8       0x7c FLASH_RUN/serial.o
                0x08008dc8                receive_check2
 .text.receive_check3
                0x08008e44       0x7c FLASH_RUN/serial.o
                0x08008e44                receive_check3
 .text.serial_check
                0x08008ec0       0x68 FLASH_RUN/serial.o
                0x08008ec0                serial_check
 .text.serial_init
                0x08008f28      0x27c FLASH_RUN/serial.o
                0x08008f28                serial_init
 .text.I2C_LowLevel_Init
                0x080091a4      0x114 FLASH_RUN/i2c_app.o
                0x080091a4                I2C_LowLevel_Init
 .text.init_i2c_24xx
                0x080092b8       0x30 FLASH_RUN/i2c_app.o
                0x080092b8                init_i2c_24xx
 .text.i2c_write
                0x080092e8      0x130 FLASH_RUN/i2c_app.o
                0x080092e8                i2c_write
 .text.u8_write
                0x08009418       0x40 FLASH_RUN/i2c_app.o
                0x08009418                u8_write
 .text.eeprom_write
                0x08009458        0xa FLASH_RUN/i2c_app.o
                0x08009458                eeprom_write
 *fill*         0x08009462        0x2 
 .text.i2c_read
                0x08009464      0x1c4 FLASH_RUN/i2c_app.o
                0x08009464                i2c_read
 .text.u8_read  0x08009628       0x30 FLASH_RUN/i2c_app.o
                0x08009628                u8_read
 .text.eeprom_read
                0x08009658        0x8 FLASH_RUN/i2c_app.o
                0x08009658                eeprom_read
 .text.beep_control
                0x08009660       0x2c FLASH_RUN/key.o
                0x08009660                beep_control
 .text.beep_check
                0x0800968c       0x48 FLASH_RUN/key.o
                0x0800968c                beep_check
 .text.key_read
                0x080096d4      0x104 FLASH_RUN/key.o
                0x080096d4                key_read
 .text.key_init
                0x080097d8       0x80 FLASH_RUN/key.o
                0x080097d8                key_init
 .text.delay_us
                0x08009858       0x3c FLASH_RUN/lcd.o
                0x08009858                delay_us
 .text.LCD_WR_REG
                0x08009894       0x22 FLASH_RUN/lcd.o
                0x08009894                LCD_WR_REG
 .text.LCD_WR_DATA
                0x080098b6       0x22 FLASH_RUN/lcd.o
                0x080098b6                LCD_WR_DATA
 .text.LCD_RD_DATA
                0x080098d8       0x1a FLASH_RUN/lcd.o
                0x080098d8                LCD_RD_DATA
 .text.LCD_ReadReg
                0x080098f2       0x14 FLASH_RUN/lcd.o
                0x080098f2                LCD_ReadReg
 *fill*         0x08009906        0x2 
 .text.LCD_WriteRAM_Prepare
                0x08009908       0x14 FLASH_RUN/lcd.o
                0x08009908                LCD_WriteRAM_Prepare
 .text.LCD_SetCursor
                0x0800991c       0x34 FLASH_RUN/lcd.o
                0x0800991c                LCD_SetCursor
 .text.LCD_Scan_Dir
                0x08009950       0xdc FLASH_RUN/lcd.o
                0x08009950                LCD_Scan_Dir
 .text.LCD_DrawPoint
                0x08009a2c       0x34 FLASH_RUN/lcd.o
                0x08009a2c                LCD_DrawPoint
 .text.LCD_Fast_DrawPoint
                0x08009a60       0x58 FLASH_RUN/lcd.o
                0x08009a60                LCD_Fast_DrawPoint
 .text.LCD_Display_Dir
                0x08009ab8       0x80 FLASH_RUN/lcd.o
                0x08009ab8                LCD_Display_Dir
 .text.LCD_Clear
                0x08009b38       0x30 FLASH_RUN/lcd.o
                0x08009b38                LCD_Clear
 .text.LCD_Fill
                0x08009b68       0x40 FLASH_RUN/lcd.o
                0x08009b68                LCD_Fill
 .text.LCD_DrawLine
                0x08009ba8       0x94 FLASH_RUN/lcd.o
                0x08009ba8                LCD_DrawLine
 .text.LCD_Draw_Circle
                0x08009c3c       0xc2 FLASH_RUN/lcd.o
                0x08009c3c                LCD_Draw_Circle
 *fill*         0x08009cfe        0x2 
 .text.set_color
                0x08009d00        0xc FLASH_RUN/lcd.o
                0x08009d00                set_color
 .text.set_background_color
                0x08009d0c        0xc FLASH_RUN/lcd.o
                0x08009d0c                set_background_color
 .text.set_pixel
                0x08009d18       0x14 FLASH_RUN/lcd.o
                0x08009d18                set_pixel
 .text.out_lcd  0x08009d2c       0x4c FLASH_RUN/lcd.o
                0x08009d2c                out_lcd
 .text.uni_to_kssm
                0x08009d78       0x62 FLASH_RUN/lcd.o
                0x08009d78                uni_to_kssm
 *fill*         0x08009dda        0x2 
 .text.ks5601_to_kssm
                0x08009ddc       0x3c FLASH_RUN/lcd.o
                0x08009ddc                ks5601_to_kssm
 .text.put_eng  0x08009e18       0xf8 FLASH_RUN/lcd.o
                0x08009e18                put_eng
 .text.put_han  0x08009f10      0x2c8 FLASH_RUN/lcd.o
                0x08009f10                put_han
 .text.lput_char
                0x0800a1d8       0x38 FLASH_RUN/lcd.o
                0x0800a1d8                lput_char
 .text.lcd_printf
                0x0800a210       0x3c FLASH_RUN/lcd.o
                0x0800a210                lcd_printf
 .text.LCD_Init
                0x0800a24c     0x12b8 FLASH_RUN/lcd.o
                0x0800a24c                LCD_Init
 .text._sputc   0x0800b504        0xc FLASH_RUN/print.o
                0x0800b504                _sputc
 .text._serror  0x0800b510        0x4 FLASH_RUN/print.o
                0x0800b510                _serror
 .text.__vfprintf
                0x0800b514      0x754 FLASH_RUN/print.o
                0x0800b514                __vfprintf
 .text.vsprintf
                0x0800bc68       0x2c FLASH_RUN/print.o
                0x0800bc68                vsprintf
 .text.random_display
                0x0800bc94       0xbc FLASH_RUN/random_disp.o
                0x0800bc94                random_display
 .text.TP_Adj_Info_Show
                0x0800bd50       0x9c FLASH_RUN/touch_panel.o
                0x0800bd50                TP_Adj_Info_Show
 .text.TP_Save_Adjdata
                0x0800bdec       0xc8 FLASH_RUN/touch_panel.o
                0x0800bdec                TP_Save_Adjdata
 .text.TP_Get_Adjdata
                0x0800beb4       0xf4 FLASH_RUN/touch_panel.o
                0x0800beb4                TP_Get_Adjdata
 .text.TP_Write_Byte
                0x0800bfa8       0x48 FLASH_RUN/touch_panel.o
                0x0800bfa8                TP_Write_Byte
 .text.TP_Read_AD
                0x0800bff0       0x80 FLASH_RUN/touch_panel.o
                0x0800bff0                TP_Read_AD
 .text.TP_Read_XOY
                0x0800c070       0x62 FLASH_RUN/touch_panel.o
                0x0800c070                TP_Read_XOY
 *fill*         0x0800c0d2        0x2 
 .text.TP_Read_XY
                0x0800c0d4       0x28 FLASH_RUN/touch_panel.o
                0x0800c0d4                TP_Read_XY
 .text.TP_Read_XY2
                0x0800c0fc       0x76 FLASH_RUN/touch_panel.o
                0x0800c0fc                TP_Read_XY2
 *fill*         0x0800c172        0x2 
 .text.TP_Scan  0x0800c174       0xcc FLASH_RUN/touch_panel.o
                0x0800c174                TP_Scan
 .text.TP_Drow_Touch_Point
                0x0800c240       0x70 FLASH_RUN/touch_panel.o
                0x0800c240                TP_Drow_Touch_Point
 .text.TP_Drow_Touch_Point2
                0x0800c2b0       0x86 FLASH_RUN/touch_panel.o
                0x0800c2b0                TP_Drow_Touch_Point2
 *fill*         0x0800c336        0x2 
 .text.TP_Adjust
                0x0800c338      0x59c FLASH_RUN/touch_panel.o
                0x0800c338                TP_Adjust
 .text.TP_Init  0x0800c8d4       0xa4 FLASH_RUN/touch_panel.o
                0x0800c8d4                TP_Init
 .text.ir_remocon_init
                0x0800c978       0xb0 FLASH_RUN/ir_remocon.o
                0x0800c978                ir_remocon_init
 .text.TIM1_UP_TIM10_IRQHandler
                0x0800ca28       0x50 FLASH_RUN/ir_remocon.o
                0x0800ca28                TIM1_UP_TIM10_IRQHandler
 .text.TIM1_CC_IRQHandler
                0x0800ca78       0xd8 FLASH_RUN/ir_remocon.o
                0x0800ca78                TIM1_CC_IRQHandler
 .text.remocon_scan
                0x0800cb50       0x54 FLASH_RUN/ir_remocon.o
                0x0800cb50                remocon_scan
 .text.ir_process
                0x0800cba4      0x1f4 FLASH_RUN/ir_remocon.o
                0x0800cba4                ir_process
 .text.cal_temperature
                0x0800cd98       0x68 FLASH_RUN/adc.o
                0x0800cd98                cal_temperature
 .text.ADC_Config
                0x0800ce00       0xcc FLASH_RUN/adc.o
                0x0800ce00                ADC_Config
 .text.adc_process
                0x0800cecc       0xc8 FLASH_RUN/adc.o
                0x0800cecc                adc_process
 *fill*         0x0800cf94        0x4 
 .text.Dac1_Set_Voltage
                0x0800cf98       0x68 FLASH_RUN/dac1.o
                0x0800cf98                Dac1_Set_Voltage
 .text.Dac1_Init
                0x0800d000       0x4c FLASH_RUN/dac1.o
                0x0800d000                Dac1_Init
 .text.wm8978_read_para
                0x0800d04c       0x76 FLASH_RUN/wm8978.o
                0x0800d04c                wm8978_read_para
 .text.wm8978_save_para
                0x0800d0c2       0x78 FLASH_RUN/wm8978.o
                0x0800d0c2                wm8978_save_para
 *fill*         0x0800d13a        0x2 
 .text.WM8978_Write_Reg
                0x0800d13c       0x40 FLASH_RUN/wm8978.o
                0x0800d13c                WM8978_Write_Reg
 .text.WM8978_LINEIN_Gain
                0x0800d17c       0x3c FLASH_RUN/wm8978.o
                0x0800d17c                WM8978_LINEIN_Gain
 .text.WM8978_AUX_Gain
                0x0800d1b8       0x38 FLASH_RUN/wm8978.o
                0x0800d1b8                WM8978_AUX_Gain
 .text.WM8978_ADDA_Cfg
                0x0800d1f0       0x3c FLASH_RUN/wm8978.o
                0x0800d1f0                WM8978_ADDA_Cfg
 .text.WM8978_Input_Cfg
                0x0800d22c       0x5c FLASH_RUN/wm8978.o
                0x0800d22c                WM8978_Input_Cfg
 .text.WM8978_Output_Cfg
                0x0800d288       0x22 FLASH_RUN/wm8978.o
                0x0800d288                WM8978_Output_Cfg
 .text.WM8978_I2S_Cfg
                0x0800d2aa       0x14 FLASH_RUN/wm8978.o
                0x0800d2aa                WM8978_I2S_Cfg
 .text.WM8978_HPvol_Set
                0x0800d2be       0x28 FLASH_RUN/wm8978.o
                0x0800d2be                WM8978_HPvol_Set
 .text.WM8978_SPKvol_Set
                0x0800d2e6       0x20 FLASH_RUN/wm8978.o
                0x0800d2e6                WM8978_SPKvol_Set
 .text.WM8978_3D_Set
                0x0800d306        0xa FLASH_RUN/wm8978.o
                0x0800d306                WM8978_3D_Set
 .text.WM8978_EQ1_Set
                0x0800d310       0x28 FLASH_RUN/wm8978.o
                0x0800d310                WM8978_EQ1_Set
 .text.WM8978_EQ2_Set
                0x0800d338       0x1a FLASH_RUN/wm8978.o
                0x0800d338                WM8978_EQ2_Set
 .text.WM8978_EQ3_Set
                0x0800d352       0x1a FLASH_RUN/wm8978.o
                0x0800d352                WM8978_EQ3_Set
 .text.WM8978_EQ4_Set
                0x0800d36c       0x1a FLASH_RUN/wm8978.o
                0x0800d36c                WM8978_EQ4_Set
 .text.WM8978_EQ5_Set
                0x0800d386       0x1a FLASH_RUN/wm8978.o
                0x0800d386                WM8978_EQ5_Set
 .text.WM8978_Init
                0x0800d3a0       0xf0 FLASH_RUN/wm8978.o
                0x0800d3a0                WM8978_Init
 .text.CmdError
                0x0800d490       0x28 FLASH_RUN/sdio_sdcard.o
                0x0800d490                CmdError
 .text.CmdResp1Error
                0x0800d4b8       0x50 FLASH_RUN/sdio_sdcard.o
                0x0800d4b8                CmdResp1Error
 .text.CmdResp2Error
                0x0800d508       0x4c FLASH_RUN/sdio_sdcard.o
                0x0800d508                CmdResp2Error
 .text.CmdResp3Error
                0x0800d554       0x30 FLASH_RUN/sdio_sdcard.o
                0x0800d554                CmdResp3Error
 .text.CmdResp6Error
                0x0800d584       0x74 FLASH_RUN/sdio_sdcard.o
                0x0800d584                CmdResp6Error
 .text.CmdResp7Error
                0x0800d5f8       0x3c FLASH_RUN/sdio_sdcard.o
                0x0800d5f8                CmdResp7Error
 .text.convert_from_bytes_to_power_of_two
                0x0800d634       0x14 FLASH_RUN/sdio_sdcard.o
                0x0800d634                convert_from_bytes_to_power_of_two
 .text.FindSCR  0x0800d648      0x144 FLASH_RUN/sdio_sdcard.o
                0x0800d648                FindSCR
 .text.IsCardProgramming
                0x0800d78c       0x90 FLASH_RUN/sdio_sdcard.o
                0x0800d78c                IsCardProgramming
 .text.SDEnWideBus
                0x0800d81c       0x8c FLASH_RUN/sdio_sdcard.o
                0x0800d81c                SDEnWideBus
 .text.SDIO_Register_Deinit
                0x0800d8a8       0x24 FLASH_RUN/sdio_sdcard.o
                0x0800d8a8                SDIO_Register_Deinit
 .text.SDIO_Clock_Set
                0x0800d8cc       0x14 FLASH_RUN/sdio_sdcard.o
                0x0800d8cc                SDIO_Clock_Set
 .text.SD_PowerON
                0x0800d8e0      0x190 FLASH_RUN/sdio_sdcard.o
                0x0800d8e0                SD_PowerON
 .text.SD_InitializeCards
                0x0800da70      0x118 FLASH_RUN/sdio_sdcard.o
                0x0800da70                SD_InitializeCards
 .text.SD_GetCardInfo
                0x0800db88      0x204 FLASH_RUN/sdio_sdcard.o
                0x0800db88                SD_GetCardInfo
 .text.SD_SelectDeselect
                0x0800dd8c       0x2c FLASH_RUN/sdio_sdcard.o
                0x0800dd8c                SD_SelectDeselect
 .text.SD_EnableWideBusOperation
                0x0800ddb8       0x48 FLASH_RUN/sdio_sdcard.o
                0x0800ddb8                SD_EnableWideBusOperation
 .text.SD_Init  0x0800de00      0x134 FLASH_RUN/sdio_sdcard.o
                0x0800de00                SD_Init
 .text.SD_DMA_Config
                0x0800df34       0x80 FLASH_RUN/sdio_sdcard.o
                0x0800df34                SD_DMA_Config
 .text.SD_ReadBlock
                0x0800dfb4      0x224 FLASH_RUN/sdio_sdcard.o
                0x0800dfb4                SD_ReadBlock
 .text.SD_ReadMultiBlocks
                0x0800e1d8      0x284 FLASH_RUN/sdio_sdcard.o
                0x0800e1d8                SD_ReadMultiBlocks
 .text.SD_WriteBlock
                0x0800e45c      0x2f8 FLASH_RUN/sdio_sdcard.o
                0x0800e45c                SD_WriteBlock
 .text.SD_WriteMultiBlocks
                0x0800e754      0x334 FLASH_RUN/sdio_sdcard.o
                0x0800e754                SD_WriteMultiBlocks
 .text.SD_ProcessIRQSrc
                0x0800ea88      0x120 FLASH_RUN/sdio_sdcard.o
                0x0800ea88                SD_ProcessIRQSrc
 .text.SDIO_IRQHandler
                0x0800eba8        0x4 FLASH_RUN/sdio_sdcard.o
                0x0800eba8                SDIO_IRQHandler
 .text.SD_ReadDisk
                0x0800ebac       0x78 FLASH_RUN/sdio_sdcard.o
                0x0800ebac                SD_ReadDisk
 .text.SD_WriteDisk
                0x0800ec24       0x74 FLASH_RUN/sdio_sdcard.o
                0x0800ec24                SD_WriteDisk
 .text.I2S2_Init
                0x0800ec98       0x68 FLASH_RUN/i2s.o
                0x0800ec98                I2S2_Init
 .text.I2S2_SampleRate_Set
                0x0800ed00       0x78 FLASH_RUN/i2s.o
                0x0800ed00                I2S2_SampleRate_Set
 .text.I2S2_TX_DMA_Init
                0x0800ed78       0xa8 FLASH_RUN/i2s.o
                0x0800ed78                I2S2_TX_DMA_Init
 .text.DMA1_Stream4_IRQHandler
                0x0800ee20       0x30 FLASH_RUN/i2s.o
                0x0800ee20                DMA1_Stream4_IRQHandler
 .text.DMA1_Stream3_IRQHandler
                0x0800ee50       0x30 FLASH_RUN/i2s.o
                0x0800ee50                DMA1_Stream3_IRQHandler
 .text.I2S_Play_Start
                0x0800ee80        0xc FLASH_RUN/i2s.o
                0x0800ee80                I2S_Play_Start
 .text.I2S_Play_Stop
                0x0800ee8c        0xc FLASH_RUN/i2s.o
                0x0800ee8c                I2S_Play_Stop
 .text.FSMC_SRAM_Init
                0x0800ee98      0x268 FLASH_RUN/ext_sram.o
                0x0800ee98                FSMC_SRAM_Init
 .text.RTC_Set_Time
                0x0800f100       0x20 FLASH_RUN/rtc.o
                0x0800f100                RTC_Set_Time
 .text.RTC_Set_Date
                0x0800f120       0x20 FLASH_RUN/rtc.o
                0x0800f120                RTC_Set_Date
 .text.RTC_Get_Time
                0x0800f140       0x2e FLASH_RUN/rtc.o
                0x0800f140                RTC_Get_Time
 .text.RTC_Get_Date
                0x0800f16e       0x2e FLASH_RUN/rtc.o
                0x0800f16e                RTC_Get_Date
 .text.rtc_init
                0x0800f19c       0x8e FLASH_RUN/rtc.o
                0x0800f19c                rtc_init
 *fill*         0x0800f22a        0x2 
 .text.RTC_Alarm_IRQHandler
                0x0800f22c       0x2c FLASH_RUN/rtc.o
                0x0800f22c                RTC_Alarm_IRQHandler
 .text.RTC_WKUP_IRQHandler
                0x0800f258       0x2c FLASH_RUN/rtc.o
                0x0800f258                RTC_WKUP_IRQHandler
 .text.mem_cpy  0x0800f284       0x12 FLASH_RUN/ff.o
 .text.mem_set  0x0800f296        0xc FLASH_RUN/ff.o
 *fill*         0x0800f2a2        0x2 
 .text.chk_lock
                0x0800f2a4       0x9c FLASH_RUN/ff.o
 .text.inc_lock
                0x0800f340       0x98 FLASH_RUN/ff.o
 .text.dec_lock
                0x0800f3d8       0x40 FLASH_RUN/ff.o
 .text.clear_lock
                0x0800f418       0x1c FLASH_RUN/ff.o
 .text.clmt_clust
                0x0800f434       0x28 FLASH_RUN/ff.o
 .text.sum_sfn  0x0800f45c       0x1e FLASH_RUN/ff.o
 .text.get_ldnumber
                0x0800f47a       0x3a FLASH_RUN/ff.o
 .text.sync_window
                0x0800f4b4       0x58 FLASH_RUN/ff.o
 .text.validate
                0x0800f50c       0x2e FLASH_RUN/ff.o
 .text.get_fileinfo
                0x0800f53a       0xfa FLASH_RUN/ff.o
 .text.move_window
                0x0800f634       0x36 FLASH_RUN/ff.o
 *fill*         0x0800f66a        0x2 
 .text.check_fs
                0x0800f66c       0x50 FLASH_RUN/ff.o
 .text.find_volume
                0x0800f6bc      0x224 FLASH_RUN/ff.o
 .text.sync_fs  0x0800f8e0       0x84 FLASH_RUN/ff.o
 .text.ld_clust.isra.0
                0x0800f964       0x10 FLASH_RUN/ff.o
 .text.clust2sect
                0x0800f974       0x1c FLASH_RUN/ff.o
                0x0800f974                clust2sect
 .text.get_fat  0x0800f990       0xc2 FLASH_RUN/ff.o
                0x0800f990                get_fat
 .text.dir_sdi  0x0800fa52       0x9e FLASH_RUN/ff.o
 .text.put_fat  0x0800faf0       0xf4 FLASH_RUN/ff.o
                0x0800faf0                put_fat
 .text.create_chain
                0x0800fbe4       0xb2 FLASH_RUN/ff.o
 .text.dir_next
                0x0800fc96      0x116 FLASH_RUN/ff.o
 .text.dir_find
                0x0800fdac      0x13c FLASH_RUN/ff.o
 .text.follow_path
                0x0800fee8      0x2d0 FLASH_RUN/ff.o
 .text.dir_register
                0x080101b8      0x288 FLASH_RUN/ff.o
 .text.dir_read.constprop.0
                0x08010440      0x100 FLASH_RUN/ff.o
 .text.remove_chain
                0x08010540       0x66 FLASH_RUN/ff.o
 *fill*         0x080105a6        0x2 
 .text.f_mount  0x080105a8       0x58 FLASH_RUN/ff.o
                0x080105a8                f_mount
 .text.f_open   0x08010600      0x1f4 FLASH_RUN/ff.o
                0x08010600                f_open
 .text.f_read   0x080107f4      0x18e FLASH_RUN/ff.o
                0x080107f4                f_read
 .text.f_sync   0x08010982       0xc2 FLASH_RUN/ff.o
                0x08010982                f_sync
 .text.f_close  0x08010a44       0x22 FLASH_RUN/ff.o
                0x08010a44                f_close
 .text.f_lseek  0x08010a66      0x290 FLASH_RUN/ff.o
                0x08010a66                f_lseek
 .text.f_opendir
                0x08010cf6       0xb2 FLASH_RUN/ff.o
                0x08010cf6                f_opendir
 .text.f_readdir
                0x08010da8       0x80 FLASH_RUN/ff.o
                0x08010da8                f_readdir
 .text.disk_initialize
                0x08010e28       0x1c FLASH_RUN/diskio.o
                0x08010e28                disk_initialize
 .text.disk_status
                0x08010e44        0xc FLASH_RUN/diskio.o
                0x08010e44                disk_status
 .text.disk_read
                0x08010e50       0x4a FLASH_RUN/diskio.o
                0x08010e50                disk_read
 .text.disk_write
                0x08010e9a       0x4a FLASH_RUN/diskio.o
                0x08010e9a                disk_write
 .text.disk_ioctl
                0x08010ee4       0x5c FLASH_RUN/diskio.o
                0x08010ee4                disk_ioctl
 .text.get_fattime
                0x08010f40       0x46 FLASH_RUN/diskio.o
                0x08010f40                get_fattime
 .text.ff_memalloc
                0x08010f86        0x4 FLASH_RUN/diskio.o
                0x08010f86                ff_memalloc
 .text.ff_memfree
                0x08010f8a        0x4 FLASH_RUN/diskio.o
                0x08010f8a                ff_memfree
 *fill*         0x08010f8e        0x2 
 .text.ff_convert
                0x08010f90       0x48 FLASH_RUN/cc949.o
                0x08010f90                ff_convert
 .text.ff_wtoupper
                0x08010fd8       0x24 FLASH_RUN/cc949.o
                0x08010fd8                ff_wtoupper
 .text._kill    0x08010ffc       0x10 FLASH_RUN/audio.o
                0x08010ffc                _kill
 .text._exit    0x0801100c       0x14 FLASH_RUN/audio.o
                0x0801100c                _exit
 .text._getpid  0x08011020        0x4 FLASH_RUN/audio.o
                0x08011020                _getpid
 .text._sbrk    0x08011024       0x38 FLASH_RUN/audio.o
                0x08011024                _sbrk
 .text.audio_file_list
                0x0801105c       0xac FLASH_RUN/audio.o
                0x0801105c                audio_file_list
 .text.find_music
                0x08011108       0xec FLASH_RUN/audio.o
                0x08011108                find_music
 .text.wm8978_volset
                0x080111f4       0x28 FLASH_RUN/audio.o
                0x080111f4                wm8978_volset
 .text.wm8978_eqset
                0x0801121c       0x38 FLASH_RUN/audio.o
                0x0801121c                wm8978_eqset
 .text.audio_start
                0x08011254       0x1c FLASH_RUN/audio.o
                0x08011254                audio_start
 .text.audio_stop
                0x08011270       0x1c FLASH_RUN/audio.o
                0x08011270                audio_stop
 .text.audio_init
                0x0801128c      0x164 FLASH_RUN/audio.o
                0x0801128c                audio_init
 .text.music_start
                0x080113f0      0x200 FLASH_RUN/audio.o
                0x080113f0                music_start
 .text.audio_process
                0x080115f0      0x310 FLASH_RUN/audio.o
                0x080115f0                audio_process
 .text.mp3_i2s_dma_tx_callback
                0x08011900       0x5c FLASH_RUN/mp3play.o
                0x08011900                mp3_i2s_dma_tx_callback
 .text.mp3_file_seek
                0x0801195c       0x24 FLASH_RUN/mp3play.o
                0x0801195c                mp3_file_seek
 .text.mp3_fill_buffer
                0x08011980       0x88 FLASH_RUN/mp3play.o
                0x08011980                mp3_fill_buffer
 .text.mp3_id3v1_decode
                0x08011a08       0x40 FLASH_RUN/mp3play.o
                0x08011a08                mp3_id3v1_decode
 .text.mp3_id3v2_decode
                0x08011a48       0xf4 FLASH_RUN/mp3play.o
                0x08011a48                mp3_id3v2_decode
 .text.mp3_get_info
                0x08011b3c      0x1a8 FLASH_RUN/mp3play.o
                0x08011b3c                mp3_get_info
 .text.mp3_get_curtime
                0x08011ce4       0x24 FLASH_RUN/mp3play.o
                0x08011ce4                mp3_get_curtime
 .text.mp3_stop
                0x08011d08       0x8c FLASH_RUN/mp3play.o
                0x08011d08                mp3_stop
 .text.mp3_play_song
                0x08011d94      0x220 FLASH_RUN/mp3play.o
                0x08011d94                mp3_play_song
 .text.mp3_play
                0x08011fb4      0x238 FLASH_RUN/mp3play.o
                0x08011fb4                mp3_play
 .text.wav_i2s_dma_tx_callback
                0x080121ec       0x5c FLASH_RUN/wavplay.o
                0x080121ec                wav_i2s_dma_tx_callback
 .text.wav_file_seek
                0x08012248       0x4c FLASH_RUN/wavplay.o
                0x08012248                wav_file_seek
 .text.wav_decode_init
                0x08012294      0x18c FLASH_RUN/wavplay.o
                0x08012294                wav_decode_init
 .text.wav_buffill
                0x08012420       0x80 FLASH_RUN/wavplay.o
                0x08012420                wav_buffill
 .text.wav_get_curtime
                0x080124a0       0x2e FLASH_RUN/wavplay.o
                0x080124a0                wav_get_curtime
 *fill*         0x080124ce        0x2 
 .text.wave_stop
                0x080124d0       0x5c FLASH_RUN/wavplay.o
                0x080124d0                wave_stop
 .text.wav_play_song
                0x0801252c      0x128 FLASH_RUN/wavplay.o
                0x0801252c                wav_play_song
 .text.wave_play
                0x08012654      0x118 FLASH_RUN/wavplay.o
                0x08012654                wave_play
 .text.flac_i2s_dma_tx_callback
                0x0801276c       0x88 FLASH_RUN/flacplay.o
                0x0801276c                flac_i2s_dma_tx_callback
 .text.flac_file_seek
                0x080127f4       0x24 FLASH_RUN/flacplay.o
                0x080127f4                flac_file_seek
 .text.flac_init
                0x08012818      0x148 FLASH_RUN/flacplay.o
                0x08012818                flac_init
 .text.flac_get_curtime
                0x08012960       0x34 FLASH_RUN/flacplay.o
                0x08012960                flac_get_curtime
 .text.flac_stop
                0x08012994       0x98 FLASH_RUN/flacplay.o
                0x08012994                flac_stop
 .text.flac_play_song
                0x08012a2c      0x300 FLASH_RUN/flacplay.o
                0x08012a2c                flac_play_song
 .text.flac_play
                0x08012d2c      0x250 FLASH_RUN/flacplay.o
                0x08012d2c                flac_play
 .text.ape_i2s_dma_tx_callback
                0x08012f7c       0x5c FLASH_RUN/apeplay.o
                0x08012f7c                ape_i2s_dma_tx_callback
 .text.ape_file_seek
                0x08012fd8       0x10 FLASH_RUN/apeplay.o
                0x08012fd8                ape_file_seek
 .text.ape_fill_buffer
                0x08012fe8       0x5c FLASH_RUN/apeplay.o
                0x08012fe8                ape_fill_buffer
 .text.ape_get_curtime
                0x08013044       0x34 FLASH_RUN/apeplay.o
                0x08013044                ape_get_curtime
 .text.ape_stop
                0x08013078       0xb4 FLASH_RUN/apeplay.o
                0x08013078                ape_stop
 .text.ape_play_song
                0x0801312c      0x2d8 FLASH_RUN/apeplay.o
                0x0801312c                ape_play_song
 .text.ape_play
                0x08013404      0x2ac FLASH_RUN/apeplay.o
                0x08013404                ape_play
 .text.Default_Handler
                0x080136b0       0x30 c:/project/stm32fx_iolib/stm32f4x_iolib/stm32f4x_iolib_168MHz_8MHz.a(startup_stm32f4xx.o)
                0x080136b0                HASH_RNG_IRQHandler
                0x080136b0                EXTI2_IRQHandler
                0x080136b0                TIM8_CC_IRQHandler
                0x080136b0                DebugMon_Handler
                0x080136b0                UART8_IRQHandler
                0x080136b0                FMPI2C1_EV_IRQHandler
                0x080136b0                SPI4_IRQHandler
                0x080136b0                DMA2_Stream5_IRQHandler
                0x080136b0                HardFault_Handler
                0x080136b0                DMA1_Stream5_IRQHandler
                0x080136b0                PVD_IRQHandler
                0x080136b0                TAMP_STAMP_IRQHandler
                0x080136b0                PendSV_Handler
                0x080136b0                NMI_Handler
                0x080136b0                CAN2_RX1_IRQHandler
                0x080136b0                EXTI3_IRQHandler
                0x080136b0                TIM8_TRG_COM_TIM14_IRQHandler
                0x080136b0                TIM8_UP_TIM13_IRQHandler
                0x080136b0                I2C3_ER_IRQHandler
                0x080136b0                EXTI0_IRQHandler
                0x080136b0                I2C2_EV_IRQHandler
                0x080136b0                DMA1_Stream2_IRQHandler
                0x080136b0                CAN1_RX0_IRQHandler
                0x080136b0                FPU_IRQHandler
                0x080136b0                OTG_HS_WKUP_IRQHandler
                0x080136b0                UsageFault_Handler
                0x080136b0                LTDC_ER_IRQHandler
                0x080136b0                CAN2_SCE_IRQHandler
                0x080136b0                DMA2_Stream2_IRQHandler
                0x080136b0                SPI1_IRQHandler
                0x080136b0                TIM6_DAC_IRQHandler
                0x080136b0                TIM1_BRK_TIM9_IRQHandler
                0x080136b0                DCMI_IRQHandler
                0x080136b0                CAN2_RX0_IRQHandler
                0x080136b0                DMA2_Stream3_IRQHandler
                0x080136b0                SAI2_IRQHandler
                0x080136b0                USART6_IRQHandler
                0x080136b0                CRYP_IRQHandler
                0x080136b0                DFSDM2_FLT3_IRQHandler
                0x080136b0                CAN1_RX1_IRQHandler
                0x080136b0                UART5_IRQHandler
                0x080136b0                DMA2_Stream0_IRQHandler
                0x080136b0                TIM4_IRQHandler
                0x080136b0                QUADSPI_IRQHandler
                0x080136b0                I2C1_EV_IRQHandler
                0x080136b0                DMA1_Stream6_IRQHandler
                0x080136b0                DMA1_Stream1_IRQHandler
                0x080136b0                UART4_IRQHandler
                0x080136b0                TIM3_IRQHandler
                0x080136b0                RCC_IRQHandler
                0x080136b0                TIM8_BRK_TIM12_IRQHandler
                0x080136b0                Default_Handler
                0x080136b0                CEC_IRQHandler
                0x080136b0                EXTI15_10_IRQHandler
                0x080136b0                ADC_IRQHandler
                0x080136b0                DMA1_Stream7_IRQHandler
                0x080136b0                DFSDM2_FLT0_IRQHandler
                0x080136b0                SPI5_IRQHandler
                0x080136b0                TIM7_IRQHandler
                0x080136b0                CAN2_TX_IRQHandler
                0x080136b0                TIM5_IRQHandler
                0x080136b0                DMA2_Stream7_IRQHandler
                0x080136b0                I2C3_EV_IRQHandler
                0x080136b0                DFSDM2_FLT2_IRQHandler
                0x080136b0                EXTI9_5_IRQHandler
                0x080136b0                LTDC_IRQHandler
                0x080136b0                ETH_WKUP_IRQHandler
                0x080136b0                SPDIF_RX_IRQHandler
                0x080136b0                SPI2_IRQHandler
                0x080136b0                OTG_HS_EP1_IN_IRQHandler
                0x080136b0                MemManage_Handler
                0x080136b0                DMA1_Stream0_IRQHandler
                0x080136b0                CAN1_TX_IRQHandler
                0x080136b0                SVC_Handler
                0x080136b0                FMPI2C1_ER_IRQHandler
                0x080136b0                EXTI4_IRQHandler
                0x080136b0                DFSDM2_FLT1_IRQHandler
                0x080136b0                FSMC_IRQHandler
                0x080136b0                ETH_IRQHandler
                0x080136b0                OTG_HS_EP1_OUT_IRQHandler
                0x080136b0                WWDG_IRQHandler
                0x080136b0                SPI6_IRQHandler
                0x080136b0                TIM2_IRQHandler
                0x080136b0                OTG_FS_WKUP_IRQHandler
                0x080136b0                TIM1_TRG_COM_TIM11_IRQHandler
                0x080136b0                OTG_HS_IRQHandler
                0x080136b0                DMA2D_IRQHandler
                0x080136b0                EXTI1_IRQHandler
                0x080136b0                UART7_IRQHandler
                0x080136b0                I2C2_ER_IRQHandler
                0x080136b0                DMA2_Stream1_IRQHandler
                0x080136b0                CAN1_SCE_IRQHandler
                0x080136b0                FLASH_IRQHandler
                0x080136b0                DMA2_Stream4_IRQHandler
                0x080136b0                BusFault_Handler
                0x080136b0                OTG_FS_IRQHandler
                0x080136b0                SPI3_IRQHandler
                0x080136b0                I2C1_ER_IRQHandler
                0x080136b0                LPTIM1_IRQHandler
                0x080136b0                DMA2_Stream6_IRQHandler
                0x080136b0                SAI1_IRQHandler
 .text.__Init_Data_and_BSS
                0x080136e0       0x54 c:/project/stm32fx_iolib/stm32f4x_iolib/stm32f4x_iolib_168MHz_8MHz.a(startup_stm32f4xx.o)
                0x080136e0                __Init_Data_and_BSS
 .text.Reset_Handler
                0x08013734       0x28 c:/project/stm32fx_iolib/stm32f4x_iolib/stm32f4x_iolib_168MHz_8MHz.a(startup_stm32f4xx.o)
                0x08013734                Reset_Handler
 .text.SystemInit
                0x0801375c       0xf4 c:/project/stm32fx_iolib/stm32f4x_iolib/stm32f4x_iolib_168MHz_8MHz.a(system_stm32f4xx.o)
                0x0801375c                SystemInit
 .text.NVIC_PriorityGroupConfig
                0x08013850       0x14 c:/project/stm32fx_iolib/stm32f4x_iolib/stm32f4x_iolib_168MHz_8MHz.a(misc.o)
                0x08013850                NVIC_PriorityGroupConfig
 .text.NVIC_Init
                0x08013864       0x58 c:/project/stm32fx_iolib/stm32f4x_iolib/stm32f4x_iolib_168MHz_8MHz.a(misc.o)
                0x08013864                NVIC_Init
 .text.NVIC_SetVectorTable
                0x080138bc       0x14 c:/project/stm32fx_iolib/stm32f4x_iolib/stm32f4x_iolib_168MHz_8MHz.a(misc.o)
                0x080138bc                NVIC_SetVectorTable
 .text.ADC_Init
                0x080138d0       0x4c c:/project/stm32fx_iolib/stm32f4x_iolib/stm32f4x_iolib_168MHz_8MHz.a(stm32f4xx_adc.o)
                0x080138d0                ADC_Init
 .text.ADC_CommonInit
                0x0801391c       0x28 c:/project/stm32fx_iolib/stm32f4x_iolib/stm32f4x_iolib_168MHz_8MHz.a(stm32f4xx_adc.o)
                0x0801391c                ADC_CommonInit
 .text.ADC_Cmd  0x08013944       0x12 c:/project/stm32fx_iolib/stm32f4x_iolib/stm32f4x_iolib_168MHz_8MHz.a(stm32f4xx_adc.o)
                0x08013944                ADC_Cmd
 *fill*         0x08013956        0x2 
 .text.ADC_TempSensorVrefintCmd
                0x08013958       0x18 c:/project/stm32fx_iolib/stm32f4x_iolib/stm32f4x_iolib_168MHz_8MHz.a(stm32f4xx_adc.o)
                0x08013958                ADC_TempSensorVrefintCmd
 .text.ADC_RegularChannelConfig
                0x08013970       0x8c c:/project/stm32fx_iolib/stm32f4x_iolib/stm32f4x_iolib_168MHz_8MHz.a(stm32f4xx_adc.o)
                0x08013970                ADC_RegularChannelConfig
 .text.ADC_SoftwareStartConv
                0x080139fc        0xa c:/project/stm32fx_iolib/stm32f4x_iolib/stm32f4x_iolib_168MHz_8MHz.a(stm32f4xx_adc.o)
                0x080139fc                ADC_SoftwareStartConv
 .text.ADC_GetConversionValue
                0x08013a06        0x6 c:/project/stm32fx_iolib/stm32f4x_iolib/stm32f4x_iolib_168MHz_8MHz.a(stm32f4xx_adc.o)
                0x08013a06                ADC_GetConversionValue
 .text.ADC_GetFlagStatus
                0x08013a0c        0xc c:/project/stm32fx_iolib/stm32f4x_iolib/stm32f4x_iolib_168MHz_8MHz.a(stm32f4xx_adc.o)
                0x08013a0c                ADC_GetFlagStatus
 .text.DAC_Init
                0x08013a18       0x2c c:/project/stm32fx_iolib/stm32f4x_iolib/stm32f4x_iolib_168MHz_8MHz.a(stm32f4xx_dac.o)
                0x08013a18                DAC_Init
 .text.DAC_Cmd  0x08013a44       0x1c c:/project/stm32fx_iolib/stm32f4x_iolib/stm32f4x_iolib_168MHz_8MHz.a(stm32f4xx_dac.o)
                0x08013a44                DAC_Cmd
 .text.DAC_SetChannel1Data
                0x08013a60       0x20 c:/project/stm32fx_iolib/stm32f4x_iolib/stm32f4x_iolib_168MHz_8MHz.a(stm32f4xx_dac.o)
                0x08013a60                DAC_SetChannel1Data
 .text.DMA_DeInit
                0x08013a80      0x110 c:/project/stm32fx_iolib/stm32f4x_iolib/stm32f4x_iolib_168MHz_8MHz.a(stm32f4xx_dma.o)
                0x08013a80                DMA_DeInit
 .text.DMA_Init
                0x08013b90       0x54 c:/project/stm32fx_iolib/stm32f4x_iolib/stm32f4x_iolib_168MHz_8MHz.a(stm32f4xx_dma.o)
                0x08013b90                DMA_Init
 .text.DMA_Cmd  0x08013be4       0x12 c:/project/stm32fx_iolib/stm32f4x_iolib/stm32f4x_iolib_168MHz_8MHz.a(stm32f4xx_dma.o)
                0x08013be4                DMA_Cmd
 .text.DMA_FlowControllerConfig
                0x08013bf6       0x12 c:/project/stm32fx_iolib/stm32f4x_iolib/stm32f4x_iolib_168MHz_8MHz.a(stm32f4xx_dma.o)
                0x08013bf6                DMA_FlowControllerConfig
 .text.DMA_DoubleBufferModeConfig
                0x08013c08       0x14 c:/project/stm32fx_iolib/stm32f4x_iolib/stm32f4x_iolib_168MHz_8MHz.a(stm32f4xx_dma.o)
                0x08013c08                DMA_DoubleBufferModeConfig
 .text.DMA_DoubleBufferModeCmd
                0x08013c1c       0x12 c:/project/stm32fx_iolib/stm32f4x_iolib/stm32f4x_iolib_168MHz_8MHz.a(stm32f4xx_dma.o)
                0x08013c1c                DMA_DoubleBufferModeCmd
 .text.DMA_GetCmdStatus
                0x08013c2e        0x8 c:/project/stm32fx_iolib/stm32f4x_iolib/stm32f4x_iolib_168MHz_8MHz.a(stm32f4xx_dma.o)
                0x08013c2e                DMA_GetCmdStatus
 *fill*         0x08013c36        0x2 
 .text.DMA_ClearFlag
                0x08013c38       0x2c c:/project/stm32fx_iolib/stm32f4x_iolib/stm32f4x_iolib_168MHz_8MHz.a(stm32f4xx_dma.o)
                0x08013c38                DMA_ClearFlag
 .text.DMA_ITConfig
                0x08013c64       0x3e c:/project/stm32fx_iolib/stm32f4x_iolib/stm32f4x_iolib_168MHz_8MHz.a(stm32f4xx_dma.o)
                0x08013c64                DMA_ITConfig
 *fill*         0x08013ca2        0x2 
 .text.DMA_GetITStatus
                0x08013ca4       0x54 c:/project/stm32fx_iolib/stm32f4x_iolib/stm32f4x_iolib_168MHz_8MHz.a(stm32f4xx_dma.o)
                0x08013ca4                DMA_GetITStatus
 .text.DMA_ClearITPendingBit
                0x08013cf8        0x4 c:/project/stm32fx_iolib/stm32f4x_iolib/stm32f4x_iolib_168MHz_8MHz.a(stm32f4xx_dma.o)
                0x08013cf8                DMA_ClearITPendingBit
 .text.EXTI_ClearITPendingBit
                0x08013cfc        0xc c:/project/stm32fx_iolib/stm32f4x_iolib/stm32f4x_iolib_168MHz_8MHz.a(stm32f4xx_exti.o)
                0x08013cfc                EXTI_ClearITPendingBit
 .text.FLASH_Unlock
                0x08013d08       0x1c c:/project/stm32fx_iolib/stm32f4x_iolib/stm32f4x_iolib_168MHz_8MHz.a(stm32f4xx_flash.o)
                0x08013d08                FLASH_Unlock
 .text.FLASH_Lock
                0x08013d24       0x10 c:/project/stm32fx_iolib/stm32f4x_iolib/stm32f4x_iolib_168MHz_8MHz.a(stm32f4xx_flash.o)
                0x08013d24                FLASH_Lock
 .text.FLASH_OB_Unlock
                0x08013d34       0x1c c:/project/stm32fx_iolib/stm32f4x_iolib/stm32f4x_iolib_168MHz_8MHz.a(stm32f4xx_flash.o)
                0x08013d34                FLASH_OB_Unlock
 .text.FLASH_OB_Lock
                0x08013d50       0x10 c:/project/stm32fx_iolib/stm32f4x_iolib/stm32f4x_iolib_168MHz_8MHz.a(stm32f4xx_flash.o)
                0x08013d50                FLASH_OB_Lock
 .text.FLASH_OB_GetRDP
                0x08013d60       0x10 c:/project/stm32fx_iolib/stm32f4x_iolib/stm32f4x_iolib_168MHz_8MHz.a(stm32f4xx_flash.o)
                0x08013d60                FLASH_OB_GetRDP
 .text.FLASH_GetStatus
                0x08013d70       0x40 c:/project/stm32fx_iolib/stm32f4x_iolib/stm32f4x_iolib_168MHz_8MHz.a(stm32f4xx_flash.o)
                0x08013d70                FLASH_GetStatus
 .text.FLASH_WaitForLastOperation
                0x08013db0       0x22 c:/project/stm32fx_iolib/stm32f4x_iolib/stm32f4x_iolib_168MHz_8MHz.a(stm32f4xx_flash.o)
                0x08013db0                FLASH_WaitForLastOperation
 *fill*         0x08013dd2        0x2 
 .text.FLASH_OB_RDPConfig
                0x08013dd4       0x18 c:/project/stm32fx_iolib/stm32f4x_iolib/stm32f4x_iolib_168MHz_8MHz.a(stm32f4xx_flash.o)
                0x08013dd4                FLASH_OB_RDPConfig
 .text.FLASH_OB_Launch
                0x08013dec       0x14 c:/project/stm32fx_iolib/stm32f4x_iolib/stm32f4x_iolib_168MHz_8MHz.a(stm32f4xx_flash.o)
                0x08013dec                FLASH_OB_Launch
 .text.GPIO_Init
                0x08013e00       0x84 c:/project/stm32fx_iolib/stm32f4x_iolib/stm32f4x_iolib_168MHz_8MHz.a(stm32f4xx_gpio.o)
                0x08013e00                GPIO_Init
 .text.GPIO_PinAFConfig
                0x08013e84       0x24 c:/project/stm32fx_iolib/stm32f4x_iolib/stm32f4x_iolib_168MHz_8MHz.a(stm32f4xx_gpio.o)
                0x08013e84                GPIO_PinAFConfig
 .text.GPIO_Init_Pin
                0x08013ea8       0x86 c:/project/stm32fx_iolib/stm32f4x_iolib/stm32f4x_iolib_168MHz_8MHz.a(stm32f4xx_gpio.o)
                0x08013ea8                GPIO_Init_Pin
 *fill*         0x08013f2e        0x2 
 .text.I2C_DeInit
                0x08013f30       0x60 c:/project/stm32fx_iolib/stm32f4x_iolib/stm32f4x_iolib_168MHz_8MHz.a(stm32f4xx_i2c.o)
                0x08013f30                I2C_DeInit
 .text.I2C_Init
                0x08013f90       0xd0 c:/project/stm32fx_iolib/stm32f4x_iolib/stm32f4x_iolib_168MHz_8MHz.a(stm32f4xx_i2c.o)
                0x08013f90                I2C_Init
 .text.I2C_Cmd  0x08014060       0x18 c:/project/stm32fx_iolib/stm32f4x_iolib/stm32f4x_iolib_168MHz_8MHz.a(stm32f4xx_i2c.o)
                0x08014060                I2C_Cmd
 .text.I2C_GenerateSTART
                0x08014078       0x18 c:/project/stm32fx_iolib/stm32f4x_iolib/stm32f4x_iolib_168MHz_8MHz.a(stm32f4xx_i2c.o)
                0x08014078                I2C_GenerateSTART
 .text.I2C_GenerateSTOP
                0x08014090       0x18 c:/project/stm32fx_iolib/stm32f4x_iolib/stm32f4x_iolib_168MHz_8MHz.a(stm32f4xx_i2c.o)
                0x08014090                I2C_GenerateSTOP
 .text.I2C_Send7bitAddress
                0x080140a8       0x12 c:/project/stm32fx_iolib/stm32f4x_iolib/stm32f4x_iolib_168MHz_8MHz.a(stm32f4xx_i2c.o)
                0x080140a8                I2C_Send7bitAddress
 .text.I2C_AcknowledgeConfig
                0x080140ba       0x18 c:/project/stm32fx_iolib/stm32f4x_iolib/stm32f4x_iolib_168MHz_8MHz.a(stm32f4xx_i2c.o)
                0x080140ba                I2C_AcknowledgeConfig
 .text.I2C_SendData
                0x080140d2        0x4 c:/project/stm32fx_iolib/stm32f4x_iolib/stm32f4x_iolib_168MHz_8MHz.a(stm32f4xx_i2c.o)
                0x080140d2                I2C_SendData
 .text.I2C_ReceiveData
                0x080140d6        0x6 c:/project/stm32fx_iolib/stm32f4x_iolib/stm32f4x_iolib_168MHz_8MHz.a(stm32f4xx_i2c.o)
                0x080140d6                I2C_ReceiveData
 .text.I2C_CheckEvent
                0x080140dc       0x18 c:/project/stm32fx_iolib/stm32f4x_iolib/stm32f4x_iolib_168MHz_8MHz.a(stm32f4xx_i2c.o)
                0x080140dc                I2C_CheckEvent
 .text.I2C_GetLastEvent
                0x080140f4       0x10 c:/project/stm32fx_iolib/stm32f4x_iolib/stm32f4x_iolib_168MHz_8MHz.a(stm32f4xx_i2c.o)
                0x080140f4                I2C_GetLastEvent
 .text.I2C_GetFlagStatus
                0x08014104       0x34 c:/project/stm32fx_iolib/stm32f4x_iolib/stm32f4x_iolib_168MHz_8MHz.a(stm32f4xx_i2c.o)
                0x08014104                I2C_GetFlagStatus
 .text.I2C_ClearFlag
                0x08014138        0x8 c:/project/stm32fx_iolib/stm32f4x_iolib/stm32f4x_iolib_168MHz_8MHz.a(stm32f4xx_i2c.o)
                0x08014138                I2C_ClearFlag
 .text.IWDG_WriteAccessCmd
                0x08014140        0xc c:/project/stm32fx_iolib/stm32f4x_iolib/stm32f4x_iolib_168MHz_8MHz.a(stm32f4xx_iwdg.o)
                0x08014140                IWDG_WriteAccessCmd
 .text.IWDG_SetPrescaler
                0x0801414c        0xc c:/project/stm32fx_iolib/stm32f4x_iolib/stm32f4x_iolib_168MHz_8MHz.a(stm32f4xx_iwdg.o)
                0x0801414c                IWDG_SetPrescaler
 .text.IWDG_SetReload
                0x08014158        0xc c:/project/stm32fx_iolib/stm32f4x_iolib/stm32f4x_iolib_168MHz_8MHz.a(stm32f4xx_iwdg.o)
                0x08014158                IWDG_SetReload
 .text.IWDG_ReloadCounter
                0x08014164       0x10 c:/project/stm32fx_iolib/stm32f4x_iolib/stm32f4x_iolib_168MHz_8MHz.a(stm32f4xx_iwdg.o)
                0x08014164                IWDG_ReloadCounter
 .text.IWDG_Enable
                0x08014174       0x10 c:/project/stm32fx_iolib/stm32f4x_iolib/stm32f4x_iolib_168MHz_8MHz.a(stm32f4xx_iwdg.o)
                0x08014174                IWDG_Enable
 .text.PWR_BackupAccessCmd
                0x08014184        0xc c:/project/stm32fx_iolib/stm32f4x_iolib/stm32f4x_iolib_168MHz_8MHz.a(stm32f4xx_pwr.o)
                0x08014184                PWR_BackupAccessCmd
 .text.RCC_LSEConfig
                0x08014190       0x28 c:/project/stm32fx_iolib/stm32f4x_iolib/stm32f4x_iolib_168MHz_8MHz.a(stm32f4xx_rcc.o)
                0x08014190                RCC_LSEConfig
 .text.RCC_PLLI2SConfig
                0x080141b8       0x14 c:/project/stm32fx_iolib/stm32f4x_iolib/stm32f4x_iolib_168MHz_8MHz.a(stm32f4xx_rcc.o)
                0x080141b8                RCC_PLLI2SConfig
 .text.RCC_PLLI2SCmd
                0x080141cc        0xc c:/project/stm32fx_iolib/stm32f4x_iolib/stm32f4x_iolib_168MHz_8MHz.a(stm32f4xx_rcc.o)
                0x080141cc                RCC_PLLI2SCmd
 .text.RCC_GetClocksFreq
                0x080141d8       0x88 c:/project/stm32fx_iolib/stm32f4x_iolib/stm32f4x_iolib_168MHz_8MHz.a(stm32f4xx_rcc.o)
                0x080141d8                RCC_GetClocksFreq
 .text.RCC_RTCCLKConfig
                0x08014260       0x30 c:/project/stm32fx_iolib/stm32f4x_iolib/stm32f4x_iolib_168MHz_8MHz.a(stm32f4xx_rcc.o)
                0x08014260                RCC_RTCCLKConfig
 .text.RCC_RTCCLKCmd
                0x08014290        0xc c:/project/stm32fx_iolib/stm32f4x_iolib/stm32f4x_iolib_168MHz_8MHz.a(stm32f4xx_rcc.o)
                0x08014290                RCC_RTCCLKCmd
 .text.RCC_AHB1PeriphClockCmd
                0x0801429c       0x18 c:/project/stm32fx_iolib/stm32f4x_iolib/stm32f4x_iolib_168MHz_8MHz.a(stm32f4xx_rcc.o)
                0x0801429c                RCC_AHB1PeriphClockCmd
 .text.RCC_AHB3PeriphClockCmd
                0x080142b4       0x18 c:/project/stm32fx_iolib/stm32f4x_iolib/stm32f4x_iolib_168MHz_8MHz.a(stm32f4xx_rcc.o)
                0x080142b4                RCC_AHB3PeriphClockCmd
 .text.RCC_APB1PeriphClockCmd
                0x080142cc       0x18 c:/project/stm32fx_iolib/stm32f4x_iolib/stm32f4x_iolib_168MHz_8MHz.a(stm32f4xx_rcc.o)
                0x080142cc                RCC_APB1PeriphClockCmd
 .text.RCC_APB2PeriphClockCmd
                0x080142e4       0x18 c:/project/stm32fx_iolib/stm32f4x_iolib/stm32f4x_iolib_168MHz_8MHz.a(stm32f4xx_rcc.o)
                0x080142e4                RCC_APB2PeriphClockCmd
 .text.RCC_APB1PeriphResetCmd
                0x080142fc       0x18 c:/project/stm32fx_iolib/stm32f4x_iolib/stm32f4x_iolib_168MHz_8MHz.a(stm32f4xx_rcc.o)
                0x080142fc                RCC_APB1PeriphResetCmd
 .text.RCC_APB2PeriphResetCmd
                0x08014314       0x18 c:/project/stm32fx_iolib/stm32f4x_iolib/stm32f4x_iolib_168MHz_8MHz.a(stm32f4xx_rcc.o)
                0x08014314                RCC_APB2PeriphResetCmd
 .text.RCC_GetFlagStatus
                0x0801432c       0x28 c:/project/stm32fx_iolib/stm32f4x_iolib/stm32f4x_iolib_168MHz_8MHz.a(stm32f4xx_rcc.o)
                0x0801432c                RCC_GetFlagStatus
 .text.RTC_ByteToBcd2
                0x08014354       0x1a c:/project/stm32fx_iolib/stm32f4x_iolib/stm32f4x_iolib_168MHz_8MHz.a(stm32f4xx_rtc.o)
 .text.RTC_Bcd2ToByte
                0x0801436e       0x12 c:/project/stm32fx_iolib/stm32f4x_iolib/stm32f4x_iolib_168MHz_8MHz.a(stm32f4xx_rtc.o)
 .text.RTC_EnterInitMode
                0x08014380       0x40 c:/project/stm32fx_iolib/stm32f4x_iolib/stm32f4x_iolib_168MHz_8MHz.a(stm32f4xx_rtc.o)
                0x08014380                RTC_EnterInitMode
 .text.RTC_ExitInitMode
                0x080143c0       0x10 c:/project/stm32fx_iolib/stm32f4x_iolib/stm32f4x_iolib_168MHz_8MHz.a(stm32f4xx_rtc.o)
                0x080143c0                RTC_ExitInitMode
 .text.RTC_Init
                0x080143d0       0x44 c:/project/stm32fx_iolib/stm32f4x_iolib/stm32f4x_iolib_168MHz_8MHz.a(stm32f4xx_rtc.o)
                0x080143d0                RTC_Init
 .text.RTC_WaitForSynchro
                0x08014414       0x44 c:/project/stm32fx_iolib/stm32f4x_iolib/stm32f4x_iolib_168MHz_8MHz.a(stm32f4xx_rtc.o)
                0x08014414                RTC_WaitForSynchro
 .text.RTC_SetTime
                0x08014458       0x94 c:/project/stm32fx_iolib/stm32f4x_iolib/stm32f4x_iolib_168MHz_8MHz.a(stm32f4xx_rtc.o)
                0x08014458                RTC_SetTime
 .text.RTC_GetTime
                0x080144ec       0x44 c:/project/stm32fx_iolib/stm32f4x_iolib/stm32f4x_iolib_168MHz_8MHz.a(stm32f4xx_rtc.o)
                0x080144ec                RTC_GetTime
 .text.RTC_SetDate
                0x08014530       0x88 c:/project/stm32fx_iolib/stm32f4x_iolib/stm32f4x_iolib_168MHz_8MHz.a(stm32f4xx_rtc.o)
                0x08014530                RTC_SetDate
 .text.RTC_GetDate
                0x080145b8       0x40 c:/project/stm32fx_iolib/stm32f4x_iolib/stm32f4x_iolib_168MHz_8MHz.a(stm32f4xx_rtc.o)
                0x080145b8                RTC_GetDate
 .text.RTC_WriteBackupRegister
                0x080145f8       0x20 c:/project/stm32fx_iolib/stm32f4x_iolib/stm32f4x_iolib_168MHz_8MHz.a(stm32f4xx_rtc.o)
                0x080145f8                RTC_WriteBackupRegister
 .text.RTC_ReadBackupRegister
                0x08014618       0x20 c:/project/stm32fx_iolib/stm32f4x_iolib/stm32f4x_iolib_168MHz_8MHz.a(stm32f4xx_rtc.o)
                0x08014618                RTC_ReadBackupRegister
 .text.RTC_GetFlagStatus
                0x08014638       0x1c c:/project/stm32fx_iolib/stm32f4x_iolib/stm32f4x_iolib_168MHz_8MHz.a(stm32f4xx_rtc.o)
                0x08014638                RTC_GetFlagStatus
 .text.RTC_ClearFlag
                0x08014654       0x1c c:/project/stm32fx_iolib/stm32f4x_iolib/stm32f4x_iolib_168MHz_8MHz.a(stm32f4xx_rtc.o)
                0x08014654                RTC_ClearFlag
 .text.SDIO_Init
                0x08014670       0x30 c:/project/stm32fx_iolib/stm32f4x_iolib/stm32f4x_iolib_168MHz_8MHz.a(stm32f4xx_sdio.o)
                0x08014670                SDIO_Init
 .text.SDIO_SetPowerState
                0x080146a0        0xc c:/project/stm32fx_iolib/stm32f4x_iolib/stm32f4x_iolib_168MHz_8MHz.a(stm32f4xx_sdio.o)
                0x080146a0                SDIO_SetPowerState
 .text.SDIO_GetPowerState
                0x080146ac       0x10 c:/project/stm32fx_iolib/stm32f4x_iolib/stm32f4x_iolib_168MHz_8MHz.a(stm32f4xx_sdio.o)
                0x080146ac                SDIO_GetPowerState
 .text.SDIO_SendCommand
                0x080146bc       0x2c c:/project/stm32fx_iolib/stm32f4x_iolib/stm32f4x_iolib_168MHz_8MHz.a(stm32f4xx_sdio.o)
                0x080146bc                SDIO_SendCommand
 .text.SDIO_DataConfig
                0x080146e8       0x2c c:/project/stm32fx_iolib/stm32f4x_iolib/stm32f4x_iolib_168MHz_8MHz.a(stm32f4xx_sdio.o)
                0x080146e8                SDIO_DataConfig
 .text.SDIO_GetFlagStatus
                0x08014714       0x14 c:/project/stm32fx_iolib/stm32f4x_iolib/stm32f4x_iolib_168MHz_8MHz.a(stm32f4xx_sdio.o)
                0x08014714                SDIO_GetFlagStatus
 .text.SDIO_ClearFlag
                0x08014728        0xc c:/project/stm32fx_iolib/stm32f4x_iolib/stm32f4x_iolib_168MHz_8MHz.a(stm32f4xx_sdio.o)
                0x08014728                SDIO_ClearFlag
 .text.I2S_Init
                0x08014734       0xd4 c:/project/stm32fx_iolib/stm32f4x_iolib/stm32f4x_iolib_168MHz_8MHz.a(stm32f4xx_spi.o)
                0x08014734                I2S_Init
 .text.I2S_Cmd  0x08014808       0x18 c:/project/stm32fx_iolib/stm32f4x_iolib/stm32f4x_iolib_168MHz_8MHz.a(stm32f4xx_spi.o)
                0x08014808                I2S_Cmd
 .text.SPI_I2S_DMACmd
                0x08014820       0x12 c:/project/stm32fx_iolib/stm32f4x_iolib/stm32f4x_iolib_168MHz_8MHz.a(stm32f4xx_spi.o)
                0x08014820                SPI_I2S_DMACmd
 .text.TI1_Config
                0x08014832       0x34 c:/project/stm32fx_iolib/stm32f4x_iolib/stm32f4x_iolib_168MHz_8MHz.a(stm32f4xx_tim.o)
 .text.TI2_Config
                0x08014866       0x3a c:/project/stm32fx_iolib/stm32f4x_iolib/stm32f4x_iolib_168MHz_8MHz.a(stm32f4xx_tim.o)
 .text.TIM_TimeBaseInit
                0x080148a0       0x7c c:/project/stm32fx_iolib/stm32f4x_iolib/stm32f4x_iolib_168MHz_8MHz.a(stm32f4xx_tim.o)
                0x080148a0                TIM_TimeBaseInit
 .text.TIM_SetCounter
                0x0801491c        0x4 c:/project/stm32fx_iolib/stm32f4x_iolib/stm32f4x_iolib_168MHz_8MHz.a(stm32f4xx_tim.o)
                0x0801491c                TIM_SetCounter
 .text.TIM_Cmd  0x08014920       0x18 c:/project/stm32fx_iolib/stm32f4x_iolib/stm32f4x_iolib_168MHz_8MHz.a(stm32f4xx_tim.o)
                0x08014920                TIM_Cmd
 .text.TIM_OC1PolarityConfig
                0x08014938       0x10 c:/project/stm32fx_iolib/stm32f4x_iolib/stm32f4x_iolib_168MHz_8MHz.a(stm32f4xx_tim.o)
                0x08014938                TIM_OC1PolarityConfig
 .text.TIM_GetCapture1
                0x08014948        0x4 c:/project/stm32fx_iolib/stm32f4x_iolib/stm32f4x_iolib_168MHz_8MHz.a(stm32f4xx_tim.o)
                0x08014948                TIM_GetCapture1
 .text.TIM_SetIC1Prescaler
                0x0801494c       0x16 c:/project/stm32fx_iolib/stm32f4x_iolib/stm32f4x_iolib_168MHz_8MHz.a(stm32f4xx_tim.o)
                0x0801494c                TIM_SetIC1Prescaler
 .text.TIM_SetIC2Prescaler
                0x08014962       0x1a c:/project/stm32fx_iolib/stm32f4x_iolib/stm32f4x_iolib_168MHz_8MHz.a(stm32f4xx_tim.o)
                0x08014962                TIM_SetIC2Prescaler
 .text.TIM_SetIC3Prescaler
                0x0801497c       0x16 c:/project/stm32fx_iolib/stm32f4x_iolib/stm32f4x_iolib_168MHz_8MHz.a(stm32f4xx_tim.o)
                0x0801497c                TIM_SetIC3Prescaler
 .text.TIM_SetIC4Prescaler
                0x08014992       0x1a c:/project/stm32fx_iolib/stm32f4x_iolib/stm32f4x_iolib_168MHz_8MHz.a(stm32f4xx_tim.o)
                0x08014992                TIM_SetIC4Prescaler
 .text.TIM_ICInit
                0x080149ac       0xb8 c:/project/stm32fx_iolib/stm32f4x_iolib/stm32f4x_iolib_168MHz_8MHz.a(stm32f4xx_tim.o)
                0x080149ac                TIM_ICInit
 .text.TIM_ITConfig
                0x08014a64       0x12 c:/project/stm32fx_iolib/stm32f4x_iolib/stm32f4x_iolib_168MHz_8MHz.a(stm32f4xx_tim.o)
                0x08014a64                TIM_ITConfig
 .text.TIM_GetITStatus
                0x08014a76       0x16 c:/project/stm32fx_iolib/stm32f4x_iolib/stm32f4x_iolib_168MHz_8MHz.a(stm32f4xx_tim.o)
                0x08014a76                TIM_GetITStatus
 .text.TIM_ClearITPendingBit
                0x08014a8c        0x8 c:/project/stm32fx_iolib/stm32f4x_iolib/stm32f4x_iolib_168MHz_8MHz.a(stm32f4xx_tim.o)
                0x08014a8c                TIM_ClearITPendingBit
 .text.USART_DeInit
                0x08014a94       0xe8 c:/project/stm32fx_iolib/stm32f4x_iolib/stm32f4x_iolib_168MHz_8MHz.a(stm32f4xx_usart.o)
                0x08014a94                USART_DeInit
 .text.USART_Init
                0x08014b7c       0xac c:/project/stm32fx_iolib/stm32f4x_iolib/stm32f4x_iolib_168MHz_8MHz.a(stm32f4xx_usart.o)
                0x08014b7c                USART_Init
 .text.USART_Cmd
                0x08014c28       0x18 c:/project/stm32fx_iolib/stm32f4x_iolib/stm32f4x_iolib_168MHz_8MHz.a(stm32f4xx_usart.o)
                0x08014c28                USART_Cmd
 .text.USART_SendData
                0x08014c40        0x8 c:/project/stm32fx_iolib/stm32f4x_iolib/stm32f4x_iolib_168MHz_8MHz.a(stm32f4xx_usart.o)
                0x08014c40                USART_SendData
 .text.USART_ReceiveData
                0x08014c48        0x8 c:/project/stm32fx_iolib/stm32f4x_iolib/stm32f4x_iolib_168MHz_8MHz.a(stm32f4xx_usart.o)
                0x08014c48                USART_ReceiveData
 .text.USART_ITConfig
                0x08014c50       0x30 c:/project/stm32fx_iolib/stm32f4x_iolib/stm32f4x_iolib_168MHz_8MHz.a(stm32f4xx_usart.o)
                0x08014c50                USART_ITConfig
 .text.USART_GetITStatus
                0x08014c80       0x40 c:/project/stm32fx_iolib/stm32f4x_iolib/stm32f4x_iolib_168MHz_8MHz.a(stm32f4xx_usart.o)
                0x08014c80                USART_GetITStatus
 .text.USART_ClearITPendingBit
                0x08014cc0        0xe c:/project/stm32fx_iolib/stm32f4x_iolib/stm32f4x_iolib_168MHz_8MHz.a(stm32f4xx_usart.o)
                0x08014cc0                USART_ClearITPendingBit
 *fill*         0x08014cce        0x2 
 .text.FSMC_NORSRAMInit
                0x08014cd0       0xc0 c:/project/stm32fx_iolib/stm32f4x_iolib/stm32f4x_iolib_168MHz_8MHz.a(stm32f4xx_fsmc.o)
                0x08014cd0                FSMC_NORSRAMInit
 .text.FSMC_NORSRAMCmd
                0x08014d90       0x24 c:/project/stm32fx_iolib/stm32f4x_iolib/stm32f4x_iolib_168MHz_8MHz.a(stm32f4xx_fsmc.o)
                0x08014d90                FSMC_NORSRAMCmd
 .text.MP3ClearBadFrame
                0x08014db4       0x24 source/audio_codec/mp3/mp3.a(mp3dec.o)
 .text.MP3InitDecoder
                0x08014dd8        0x4 source/audio_codec/mp3/mp3.a(mp3dec.o)
                0x08014dd8                MP3InitDecoder
 .text.MP3FreeDecoder
                0x08014ddc        0x8 source/audio_codec/mp3/mp3.a(mp3dec.o)
                0x08014ddc                MP3FreeDecoder
 .text.MP3FindSyncWord
                0x08014de4       0x26 source/audio_codec/mp3/mp3.a(mp3dec.o)
                0x08014de4                MP3FindSyncWord
 *fill*         0x08014e0a        0x2 
 .text.MP3GetLastFrameInfo
                0x08014e0c       0x54 source/audio_codec/mp3/mp3.a(mp3dec.o)
                0x08014e0c                MP3GetLastFrameInfo
 .text.MP3GetNextFrameInfo
                0x08014e60       0x32 source/audio_codec/mp3/mp3.a(mp3dec.o)
                0x08014e60                MP3GetNextFrameInfo
 .text.MP3Decode
                0x08014e92      0x318 source/audio_codec/mp3/mp3.a(mp3dec.o)
                0x08014e92                MP3Decode
 *fill*         0x080151aa        0x2 
 .text.xmp3_UnpackScaleFactors
                0x080151ac      0x60c source/audio_codec/mp3/mp3.a(scalfact.o)
                0x080151ac                xmp3_UnpackScaleFactors
 .text.xmp3_Subband
                0x080157b8       0xf8 source/audio_codec/mp3/mp3.a(subband.o)
                0x080157b8                xmp3_Subband
 .text          0x080158b0      0x80e source/audio_codec/mp3/mp3.a(asmpoly_thumb2.o)
                0x080158b0                xmp3_PolyphaseStereo
                0x08015dcc                xmp3_PolyphaseMono
 .text.xmp3_SetBitstreamPointer
                0x080160be        0xc source/audio_codec/mp3/mp3.a(bitstream.o)
                0x080160be                xmp3_SetBitstreamPointer
 .text.xmp3_GetBits
                0x080160ca       0xb4 source/audio_codec/mp3/mp3.a(bitstream.o)
                0x080160ca                xmp3_GetBits
 .text.xmp3_CalcBitsUsed
                0x0801617e        0xe source/audio_codec/mp3/mp3.a(bitstream.o)
                0x0801617e                xmp3_CalcBitsUsed
 .text.xmp3_CheckPadBit
                0x0801618c       0x16 source/audio_codec/mp3/mp3.a(bitstream.o)
                0x0801618c                xmp3_CheckPadBit
 *fill*         0x080161a2        0x2 
 .text.xmp3_UnpackFrameHeader
                0x080161a4      0x1c8 source/audio_codec/mp3/mp3.a(bitstream.o)
                0x080161a4                xmp3_UnpackFrameHeader
 .text.xmp3_UnpackSideInfo
                0x0801636c      0x20a source/audio_codec/mp3/mp3.a(bitstream.o)
                0x0801636c                xmp3_UnpackSideInfo
 .text.ClearBuffer
                0x08016576        0xa source/audio_codec/mp3/mp3.a(buffers.o)
                0x08016576                ClearBuffer
 .text.xmp3_FreeBuffers
                0x08016580       0x4a source/audio_codec/mp3/mp3.a(buffers.o)
                0x08016580                xmp3_FreeBuffers
 .text.xmp3_AllocateBuffers
                0x080165ca       0xde source/audio_codec/mp3/mp3.a(buffers.o)
                0x080165ca                xmp3_AllocateBuffers
 .text.xmp3_FDCT32
                0x080166a8      0x6c8 source/audio_codec/mp3/mp3.a(dct32.o)
                0x080166a8                xmp3_FDCT32
 .text.xmp3_Dequantize
                0x08016d70      0x240 source/audio_codec/mp3/mp3.a(dequant.o)
                0x08016d70                xmp3_Dequantize
 .text.DequantBlock
                0x08016fb0      0x1a0 source/audio_codec/mp3/mp3.a(dqchan.o)
 .text.xmp3_DequantChannel
                0x08017150      0x21c source/audio_codec/mp3/mp3.a(dqchan.o)
                0x08017150                xmp3_DequantChannel
 .text.xmp3_DecodeHuffman
                0x0801736c      0x694 source/audio_codec/mp3/mp3.a(huffman.o)
                0x0801736c                xmp3_DecodeHuffman
 .text.idct9    0x08017a00      0x160 source/audio_codec/mp3/mp3.a(imdct.o)
 .text.imdct12  0x08017b60       0xb8 source/audio_codec/mp3/mp3.a(imdct.o)
 .text.WinPrevious
                0x08017c18      0x150 source/audio_codec/mp3/mp3.a(imdct.o)
 .text.FreqInvertRescale
                0x08017d68      0x170 source/audio_codec/mp3/mp3.a(imdct.o)
 .text.xmp3_IMDCT
                0x08017ed8      0x928 source/audio_codec/mp3/mp3.a(imdct.o)
                0x08017ed8                xmp3_IMDCT
 .text.xmp3_MidSideProc
                0x08018800       0x4c source/audio_codec/mp3/mp3.a(stproc.o)
                0x08018800                xmp3_MidSideProc
 .text.xmp3_IntensityProcMPEG1
                0x0801884c      0x270 source/audio_codec/mp3/mp3.a(stproc.o)
                0x0801884c                xmp3_IntensityProcMPEG1
 .text.xmp3_IntensityProcMPEG2
                0x08018abc      0x254 source/audio_codec/mp3/mp3.a(stproc.o)
                0x08018abc                xmp3_IntensityProcMPEG2
 .text          0x08018d10       0x18 source/audio_codec/mp3/mp3.a(asmmisc.o)
                0x08018d10                xmp3_MULSHIFT32
                0x08018d18                xmp3_FASTABS
 .text.swap32   0x08018d28       0x1c source/audio_codec/flac/flac.a(flacdecoder.o)
 .text.get_bits1
                0x08018d44       0x18 source/audio_codec/flac/flac.a(flacdecoder.o)
 .text.get_sbits
                0x08018d5c       0x22 source/audio_codec/flac/flac.a(flacdecoder.o)
 .text.get_bits
                0x08018d7e       0x22 source/audio_codec/flac/flac.a(flacdecoder.o)
 .text.decode_residuals
                0x08018da0      0x190 source/audio_codec/flac/flac.a(flacdecoder.o)
 .text.decode_subframe_lpc
                0x08018f30      0x178 source/audio_codec/flac/flac.a(flacdecoder.o)
                0x08018f30                decode_subframe_lpc
 .text.decode_subframe
                0x080190a8      0x1c0 source/audio_codec/flac/flac.a(flacdecoder.o)
 .text.decode_frame
                0x08019268      0x200 source/audio_codec/flac/flac.a(flacdecoder.o)
 .text.flac_seek_frame
                0x08019468       0x60 source/audio_codec/flac/flac.a(flacdecoder.o)
                0x08019468                flac_seek_frame
 .text.flac_decode_frame24
                0x080194c8      0x102 source/audio_codec/flac/flac.a(flacdecoder.o)
                0x080194c8                flac_decode_frame24
 .text.flac_decode_frame16
                0x080195ca      0x106 source/audio_codec/flac/flac.a(flacdecoder.o)
                0x080195ca                flac_decode_frame16
 .text.align_get_bits
                0x080196d0       0x10 source/audio_codec/flac/flac.a(bitstreamf.o)
                0x080196d0                align_get_bits
 .text.init_frame_decoder
                0x080196e0       0x40 source/audio_codec/ape/ape.a(apedecoder.o)
                0x080196e0                init_frame_decoder
 .text.decode_chunk
                0x08019720      0x130 source/audio_codec/ape/ape.a(apedecoder.o)
                0x08019720                decode_chunk
 .text.skip_byte
                0x08019850       0x24 source/audio_codec/ape/ape.a(entropy.o)
 .text.read_byte
                0x08019874       0x24 source/audio_codec/ape/ape.a(entropy.o)
 .text.range_dec_normalize
                0x08019898       0x30 source/audio_codec/ape/ape.a(entropy.o)
 .text.range_decode_culshift
                0x080198c8       0x20 source/audio_codec/ape/ape.a(entropy.o)
 .text.range_decode_update
                0x080198e8       0x18 source/audio_codec/ape/ape.a(entropy.o)
 .text.range_decode_short
                0x08019900       0x16 source/audio_codec/ape/ape.a(entropy.o)
 .text.update_rice
                0x08019916       0x3a source/audio_codec/ape/ape.a(entropy.o)
 .text.entropy_decode3980
                0x08019950       0xe0 source/audio_codec/ape/ape.a(entropy.o)
 .text.entropy_decode3970
                0x08019a30       0xa0 source/audio_codec/ape/ape.a(entropy.o)
 .text.init_entropy_decoder
                0x08019ad0       0xdc source/audio_codec/ape/ape.a(entropy.o)
                0x08019ad0                init_entropy_decoder
 .text.entropy_decode
                0x08019bac       0xdc source/audio_codec/ape/ape.a(entropy.o)
                0x08019bac                entropy_decode
 .text.vector_add
                0x08019c88       0x82 source/audio_codec/ape/ape.a(filter_16_11.o)
 .text.vector_sub
                0x08019d0a       0x82 source/audio_codec/ape/ape.a(filter_16_11.o)
 .text.scalarproduct
                0x08019d8c       0x84 source/audio_codec/ape/ape.a(filter_16_11.o)
 .text.init_filter_16_11
                0x08019e10       0x4c source/audio_codec/ape/ape.a(filter_16_11.o)
                0x08019e10                init_filter_16_11
 .text.apply_filter_16_11
                0x08019e5c      0x21c source/audio_codec/ape/ape.a(filter_16_11.o)
                0x08019e5c                apply_filter_16_11
 .text.vector_add
                0x0801a078      0x1d4 source/audio_codec/ape/ape.a(filter_64_11.o)
 .text.vector_sub
                0x0801a24c      0x1d4 source/audio_codec/ape/ape.a(filter_64_11.o)
 .text.scalarproduct
                0x0801a420      0x198 source/audio_codec/ape/ape.a(filter_64_11.o)
 .text.init_filter_64_11
                0x0801a5b8       0x50 source/audio_codec/ape/ape.a(filter_64_11.o)
                0x0801a5b8                init_filter_64_11
 .text.apply_filter_64_11
                0x0801a608      0x220 source/audio_codec/ape/ape.a(filter_64_11.o)
                0x0801a608                apply_filter_64_11
 .text.read_uint16
                0x0801a828       0x24 source/audio_codec/ape/ape.a(parser.o)
 .text.read_uint32
                0x0801a84c       0x22 source/audio_codec/ape/ape.a(parser.o)
 *fill*         0x0801a86e        0x2 
 .text.ape_parseheader
                0x0801a870      0x310 source/audio_codec/ape/ape.a(parser.o)
                0x0801a870                ape_parseheader
 .text.init_predictor_decoder
                0x0801ab80       0x74 source/audio_codec/ape/ape.a(predictor.o)
                0x0801ab80                init_predictor_decoder
 .text          0x0801abf4      0x422 source/audio_codec/ape/ape.a(predictor-arm.o)
                0x0801abf4                predictor_decode_stereo
                0x0801af0e                predictor_decode_mono
 *fill*         0x0801b016        0x2 
 .text.abort    0x0801b018       0x10 c:/program files (x86)/arm gnu toolchain arm-none-eabi/12.2 mpacbti-rel1/bin/../lib/gcc/arm-none-eabi/12.2.1/thumb/v7e-m+fp/hard\libc.a(libc_a-abort.o)
                0x0801b018                abort
 .text.malloc   0x0801b028       0x10 c:/program files (x86)/arm gnu toolchain arm-none-eabi/12.2 mpacbti-rel1/bin/../lib/gcc/arm-none-eabi/12.2.1/thumb/v7e-m+fp/hard\libc.a(libc_a-malloc.o)
                0x0801b028                malloc
 .text.free     0x0801b038       0x10 c:/program files (x86)/arm gnu toolchain arm-none-eabi/12.2 mpacbti-rel1/bin/../lib/gcc/arm-none-eabi/12.2.1/thumb/v7e-m+fp/hard\libc.a(libc_a-malloc.o)
                0x0801b038                free
 .text._malloc_r
                0x0801b048      0x574 c:/program files (x86)/arm gnu toolchain arm-none-eabi/12.2 mpacbti-rel1/bin/../lib/gcc/arm-none-eabi/12.2.1/thumb/v7e-m+fp/hard\libc.a(libc_a-mallocr.o)
                0x0801b048                _malloc_r
 .text.__malloc_lock
                0x0801b5bc        0xc c:/program files (x86)/arm gnu toolchain arm-none-eabi/12.2 mpacbti-rel1/bin/../lib/gcc/arm-none-eabi/12.2.1/thumb/v7e-m+fp/hard\libc.a(libc_a-mlock.o)
                0x0801b5bc                __malloc_lock
 .text.__malloc_unlock
                0x0801b5c8        0xc c:/program files (x86)/arm gnu toolchain arm-none-eabi/12.2 mpacbti-rel1/bin/../lib/gcc/arm-none-eabi/12.2.1/thumb/v7e-m+fp/hard\libc.a(libc_a-mlock.o)
                0x0801b5c8                __malloc_unlock
 .text.rand     0x0801b5d4       0x40 c:/program files (x86)/arm gnu toolchain arm-none-eabi/12.2 mpacbti-rel1/bin/../lib/gcc/arm-none-eabi/12.2.1/thumb/v7e-m+fp/hard\libc.a(libc_a-rand.o)
                0x0801b5d4                rand
 .text.memcmp   0x0801b614       0x60 c:/program files (x86)/arm gnu toolchain arm-none-eabi/12.2 mpacbti-rel1/bin/../lib/gcc/arm-none-eabi/12.2.1/thumb/v7e-m+fp/hard\libc.a(libc_a-memcmp.o)
                0x0801b614                memcmp
 .text.memmove  0x0801b674      0x100 c:/program files (x86)/arm gnu toolchain arm-none-eabi/12.2 mpacbti-rel1/bin/../lib/gcc/arm-none-eabi/12.2.1/thumb/v7e-m+fp/hard\libc.a(libc_a-memmove.o)
                0x0801b674                memmove
 .text.memset   0x0801b774       0xa4 c:/program files (x86)/arm gnu toolchain arm-none-eabi/12.2 mpacbti-rel1/bin/../lib/gcc/arm-none-eabi/12.2.1/thumb/v7e-m+fp/hard\libc.a(libc_a-memset.o)
                0x0801b774                memset
 .text.strcasecmp
                0x0801b818       0x4c c:/program files (x86)/arm gnu toolchain arm-none-eabi/12.2 mpacbti-rel1/bin/../lib/gcc/arm-none-eabi/12.2.1/thumb/v7e-m+fp/hard\libc.a(libc_a-strcasecmp.o)
                0x0801b818                strcasecmp
 .text.strcat   0x0801b864       0x40 c:/program files (x86)/arm gnu toolchain arm-none-eabi/12.2 mpacbti-rel1/bin/../lib/gcc/arm-none-eabi/12.2.1/thumb/v7e-m+fp/hard\libc.a(libc_a-strcat.o)
                0x0801b864                strcat
 .text.strncmp  0x0801b8a4       0x84 c:/program files (x86)/arm gnu toolchain arm-none-eabi/12.2 mpacbti-rel1/bin/../lib/gcc/arm-none-eabi/12.2.1/thumb/v7e-m+fp/hard\libc.a(libc_a-strncmp.o)
                0x0801b8a4                strncmp
 .text.strncpy  0x0801b928       0x68 c:/program files (x86)/arm gnu toolchain arm-none-eabi/12.2 mpacbti-rel1/bin/../lib/gcc/arm-none-eabi/12.2.1/thumb/v7e-m+fp/hard\libc.a(libc_a-strncpy.o)
                0x0801b928                strncpy
 .text.raise    0x0801b990       0x58 c:/program files (x86)/arm gnu toolchain arm-none-eabi/12.2 mpacbti-rel1/bin/../lib/gcc/arm-none-eabi/12.2.1/thumb/v7e-m+fp/hard\libc.a(libc_a-signal.o)
                0x0801b990                raise
 .text._kill_r  0x0801b9e8       0x2c c:/program files (x86)/arm gnu toolchain arm-none-eabi/12.2 mpacbti-rel1/bin/../lib/gcc/arm-none-eabi/12.2.1/thumb/v7e-m+fp/hard\libc.a(libc_a-signalr.o)
                0x0801b9e8                _kill_r
 .text._getpid_r
                0x0801ba14        0x4 c:/program files (x86)/arm gnu toolchain arm-none-eabi/12.2 mpacbti-rel1/bin/../lib/gcc/arm-none-eabi/12.2.1/thumb/v7e-m+fp/hard\libc.a(libc_a-signalr.o)
                0x0801ba14                _getpid_r
 .text._sbrk_r  0x0801ba18       0x24 c:/program files (x86)/arm gnu toolchain arm-none-eabi/12.2 mpacbti-rel1/bin/../lib/gcc/arm-none-eabi/12.2.1/thumb/v7e-m+fp/hard\libc.a(libc_a-sbrkr.o)
                0x0801ba18                _sbrk_r
 .text.__errno  0x0801ba3c        0xc c:/program files (x86)/arm gnu toolchain arm-none-eabi/12.2 mpacbti-rel1/bin/../lib/gcc/arm-none-eabi/12.2.1/thumb/v7e-m+fp/hard\libc.a(libc_a-errno.o)
                0x0801ba3c                __errno
 .text.__retarget_lock_acquire_recursive
                0x0801ba48        0x4 c:/program files (x86)/arm gnu toolchain arm-none-eabi/12.2 mpacbti-rel1/bin/../lib/gcc/arm-none-eabi/12.2.1/thumb/v7e-m+fp/hard\libc.a(libc_a-lock.o)
                0x0801ba48                __retarget_lock_acquire_recursive
 .text.__retarget_lock_release_recursive
                0x0801ba4c        0x4 c:/program files (x86)/arm gnu toolchain arm-none-eabi/12.2 mpacbti-rel1/bin/../lib/gcc/arm-none-eabi/12.2.1/thumb/v7e-m+fp/hard\libc.a(libc_a-lock.o)
                0x0801ba4c                __retarget_lock_release_recursive
 .text.sysconf  0x0801ba50       0x1c c:/program files (x86)/arm gnu toolchain arm-none-eabi/12.2 mpacbti-rel1/bin/../lib/gcc/arm-none-eabi/12.2.1/thumb/v7e-m+fp/hard\libc.a(libc_a-sysconf.o)
                0x0801ba50                sysconf
 .text.strcpy   0x0801ba6c       0xbc c:/program files (x86)/arm gnu toolchain arm-none-eabi/12.2 mpacbti-rel1/bin/../lib/gcc/arm-none-eabi/12.2.1/thumb/v7e-m+fp/hard\libc.a(libc_a-strcpy.o)
                0x0801ba6c                strcpy
 .text          0x0801bb28      0x134 c:/program files (x86)/arm gnu toolchain arm-none-eabi/12.2 mpacbti-rel1/bin/../lib/gcc/arm-none-eabi/12.2.1/thumb/v7e-m+fp/hard\libc.a(libc_a-memcpy.o)
                0x0801bb28                memcpy
 *fill*         0x0801bc5c       0x24 
 .text          0x0801bc80       0xd8 c:/program files (x86)/arm gnu toolchain arm-none-eabi/12.2 mpacbti-rel1/bin/../lib/gcc/arm-none-eabi/12.2.1/thumb/v7e-m+fp/hard\libc.a(libc_a-strlen.o)
                0x0801bc80                strlen
 .text._malloc_trim_r
                0x0801bd58       0xb8 c:/program files (x86)/arm gnu toolchain arm-none-eabi/12.2 mpacbti-rel1/bin/../lib/gcc/arm-none-eabi/12.2.1/thumb/v7e-m+fp/hard\libc.a(libc_a-freer.o)
                0x0801bd58                _malloc_trim_r
 .text._free_r  0x0801be10      0x1fc c:/program files (x86)/arm gnu toolchain arm-none-eabi/12.2 mpacbti-rel1/bin/../lib/gcc/arm-none-eabi/12.2.1/thumb/v7e-m+fp/hard\libc.a(libc_a-freer.o)
                0x0801be10                _free_r
 .text.sqrt     0x0801c00c       0x68 c:/program files (x86)/arm gnu toolchain arm-none-eabi/12.2 mpacbti-rel1/bin/../lib/gcc/arm-none-eabi/12.2.1/thumb/v7e-m+fp/hard\libm.a(libm_a-w_sqrt.o)
                0x0801c00c                sqrt
 .text.__ieee754_sqrt
                0x0801c074      0x1f4 c:/program files (x86)/arm gnu toolchain arm-none-eabi/12.2 mpacbti-rel1/bin/../lib/gcc/arm-none-eabi/12.2.1/thumb/v7e-m+fp/hard\libm.a(libm_a-e_sqrt.o)
                0x0801c074                __ieee754_sqrt
 .text          0x0801c268      0x378 c:/program files (x86)/arm gnu toolchain arm-none-eabi/12.2 mpacbti-rel1/bin/../lib/gcc/arm-none-eabi/12.2.1/thumb/v7e-m+fp/hard\libgcc.a(_arm_addsubdf3.o)
                0x0801c268                __aeabi_drsub
                0x0801c270                __aeabi_dsub
                0x0801c270                __subdf3
                0x0801c274                __aeabi_dadd
                0x0801c274                __adddf3
                0x0801c4ec                __floatunsidf
                0x0801c4ec                __aeabi_ui2d
                0x0801c50c                __floatsidf
                0x0801c50c                __aeabi_i2d
                0x0801c530                __aeabi_f2d
                0x0801c530                __extendsfdf2
                0x0801c574                __floatundidf
                0x0801c574                __aeabi_ul2d
                0x0801c584                __floatdidf
                0x0801c584                __aeabi_l2d
 .text          0x0801c5e0      0x424 c:/program files (x86)/arm gnu toolchain arm-none-eabi/12.2 mpacbti-rel1/bin/../lib/gcc/arm-none-eabi/12.2.1/thumb/v7e-m+fp/hard\libgcc.a(_arm_muldivdf3.o)
                0x0801c5e0                __aeabi_dmul
                0x0801c5e0                __muldf3
                0x0801c834                __divdf3
                0x0801c834                __aeabi_ddiv
 .text          0x0801ca04      0x110 c:/program files (x86)/arm gnu toolchain arm-none-eabi/12.2 mpacbti-rel1/bin/../lib/gcc/arm-none-eabi/12.2.1/thumb/v7e-m+fp/hard\libgcc.a(_arm_cmpdf2.o)
                0x0801ca04                __gtdf2
                0x0801ca04                __gedf2
                0x0801ca0c                __ltdf2
                0x0801ca0c                __ledf2
                0x0801ca14                __nedf2
                0x0801ca14                __eqdf2
                0x0801ca14                __cmpdf2
                0x0801ca90                __aeabi_cdrcmple
                0x0801caa0                __aeabi_cdcmpeq
                0x0801caa0                __aeabi_cdcmple
                0x0801cab0                __aeabi_dcmpeq
                0x0801cac4                __aeabi_dcmplt
                0x0801cad8                __aeabi_dcmple
                0x0801caec                __aeabi_dcmpge
                0x0801cb00                __aeabi_dcmpgt
 .text          0x0801cb14       0x2c c:/program files (x86)/arm gnu toolchain arm-none-eabi/12.2 mpacbti-rel1/bin/../lib/gcc/arm-none-eabi/12.2.1/thumb/v7e-m+fp/hard\libgcc.a(_arm_unorddf2.o)
                0x0801cb14                __unorddf2
                0x0801cb14                __aeabi_dcmpun
 .text          0x0801cb40       0x50 c:/program files (x86)/arm gnu toolchain arm-none-eabi/12.2 mpacbti-rel1/bin/../lib/gcc/arm-none-eabi/12.2.1/thumb/v7e-m+fp/hard\libgcc.a(_arm_fixdfsi.o)
                0x0801cb40                __aeabi_d2iz
                0x0801cb40                __fixdfsi
 .text          0x0801cb90       0x40 c:/program files (x86)/arm gnu toolchain arm-none-eabi/12.2 mpacbti-rel1/bin/../lib/gcc/arm-none-eabi/12.2.1/thumb/v7e-m+fp/hard\libgcc.a(_arm_fixunsdfsi.o)
                0x0801cb90                __aeabi_d2uiz
                0x0801cb90                __fixunsdfsi
 .text          0x0801cbd0       0xa0 c:/program files (x86)/arm gnu toolchain arm-none-eabi/12.2 mpacbti-rel1/bin/../lib/gcc/arm-none-eabi/12.2.1/thumb/v7e-m+fp/hard\libgcc.a(_aeabi_ldivmod.o)
                0x0801cbd0                __aeabi_ldivmod
 .text          0x0801cc70       0x30 c:/program files (x86)/arm gnu toolchain arm-none-eabi/12.2 mpacbti-rel1/bin/../lib/gcc/arm-none-eabi/12.2.1/thumb/v7e-m+fp/hard\libgcc.a(_aeabi_uldivmod.o)
                0x0801cc70                __aeabi_uldivmod
 .text.__udivmoddi4
                0x0801cca0      0x2bc c:/program files (x86)/arm gnu toolchain arm-none-eabi/12.2 mpacbti-rel1/bin/../lib/gcc/arm-none-eabi/12.2.1/thumb/v7e-m+fp/hard\libgcc.a(_udivmoddi4.o)
                0x0801cca0                __udivmoddi4
 .text          0x0801cf5c        0x4 c:/program files (x86)/arm gnu toolchain arm-none-eabi/12.2 mpacbti-rel1/bin/../lib/gcc/arm-none-eabi/12.2.1/thumb/v7e-m+fp/hard\libgcc.a(_dvmd_tls.o)
                0x0801cf5c                __aeabi_idiv0
                0x0801cf5c                __aeabi_ldiv0
 *(.plt)
 *(.gnu.warning)
 *(.glue_7t)
 .glue_7t       0x0801cf60        0x0 linker stubs
 *(.glue_7)
 .glue_7        0x0801cf60        0x0 linker stubs
 *(.vfp11_veneer)
 .vfp11_veneer  0x0801cf60        0x0 linker stubs
 *(.ARM.extab* .gnu.linkonce.armextab.*)
 *(.gcc_except_table)

.v4_bx          0x0801cf60        0x0
 .v4_bx         0x0801cf60        0x0 linker stubs

.iplt           0x0801cf60        0x0
 .iplt          0x0801cf60        0x0 FLASH_RUN/main.o

.eh_frame_hdr
 *(.eh_frame_hdr)

.eh_frame       0x0801cf60       0x4c
 *(.eh_frame)
 .eh_frame      0x0801cf60       0x2c c:/program files (x86)/arm gnu toolchain arm-none-eabi/12.2 mpacbti-rel1/bin/../lib/gcc/arm-none-eabi/12.2.1/thumb/v7e-m+fp/hard\libc.a(libc_a-memcpy.o)
 .eh_frame      0x0801cf8c       0x20 c:/program files (x86)/arm gnu toolchain arm-none-eabi/12.2 mpacbti-rel1/bin/../lib/gcc/arm-none-eabi/12.2.1/thumb/v7e-m+fp/hard\libc.a(libc_a-strlen.o)
                                 0x34 (size before relaxing)
                0x0801cfac                        __exidx_start = .

.ARM.exidx      0x0801cfac        0x8
 *(.ARM.exidx* .gnu.linkonce.armexidx.*)
 .ARM.exidx     0x0801cfac        0x8 c:/program files (x86)/arm gnu toolchain arm-none-eabi/12.2 mpacbti-rel1/bin/../lib/gcc/arm-none-eabi/12.2.1/thumb/v7e-m+fp/hard\libc.a(libc_a-memcpy.o)
 .ARM.exidx     0x0801cfb4        0x0 c:/program files (x86)/arm gnu toolchain arm-none-eabi/12.2 mpacbti-rel1/bin/../lib/gcc/arm-none-eabi/12.2.1/thumb/v7e-m+fp/hard\libc.a(libc_a-strlen.o)
                                  0x8 (size before relaxing)
 .ARM.exidx.text.__udivmoddi4
                0x0801cfb4        0x0 c:/program files (x86)/arm gnu toolchain arm-none-eabi/12.2 mpacbti-rel1/bin/../lib/gcc/arm-none-eabi/12.2.1/thumb/v7e-m+fp/hard\libgcc.a(_udivmoddi4.o)
                                  0x8 (size before relaxing)
                0x0801cfb4                        __exidx_end = .

.rodata         0x0801cfb4    0x2a1e4
 *(.rodata .rodata.* .gnu.linkonce.r.*)
 .rodata.tick_process.str1.1
                0x0801cfb4        0xd FLASH_RUN/main.o
 .rodata.main.str1.1
                0x0801cfc1       0xea FLASH_RUN/main.o
                                0x14f (size before relaxing)
 .rodata.LCD_Init.str1.1
                0x0801d0ab       0x1b FLASH_RUN/lcd.o
 .rodata.loc3   0x0801d0c6        0x8 FLASH_RUN/lcd.o
                0x0801d0c6                loc3
 .rodata.loc2   0x0801d0ce        0x8 FLASH_RUN/lcd.o
                0x0801d0ce                loc2
 .rodata.loc1   0x0801d0d6       0x10 FLASH_RUN/lcd.o
                0x0801d0d6                loc1
 .rodata.han_tbl
                0x0801d0e6       0x60 FLASH_RUN/lcd.o
                0x0801d0e6                han_tbl
 .rodata.s_bit  0x0801d146        0x8 FLASH_RUN/lcd.o
                0x0801d146                s_bit
 .rodata.KS_CODE
                0x0801d14e     0x12c0 FLASH_RUN/lcd.o
                0x0801d14e                KS_CODE
 .rodata.kor_font
                0x0801e40e     0x2d00 FLASH_RUN/lcd.o
                0x0801e40e                kor_font
 .rodata.eng_font
                0x0802110e      0x800 FLASH_RUN/lcd.o
                0x0802110e                eng_font
 .rodata.__vfprintf.str1.1
                0x0802190e       0x30 FLASH_RUN/print.o
                                 0x33 (size before relaxing)
 .rodata.TP_Adj_Info_Show.str1.1
                0x0802193e       0x4d FLASH_RUN/touch_panel.o
 .rodata.TP_Adjust.str1.1
                0x0802198b       0x51 FLASH_RUN/touch_panel.o
 .rodata.ir_process.str1.1
                0x080219dc        0x6 FLASH_RUN/ir_remocon.o
 .rodata.I2S_PSC_TBL
                0x080219dc       0x6e FLASH_RUN/i2s.o
                0x080219dc                I2S_PSC_TBL
 .rodata.follow_path.str1.1
                0x08021a4a       0x10 FLASH_RUN/ff.o
 .rodata.LfnOfs
                0x08021a5a        0xd FLASH_RUN/ff.o
 *fill*         0x08021a67        0x1 
 .rodata.tbl_upper.0
                0x08021a68      0x1e0 FLASH_RUN/cc949.o
 .rodata.tbl_lower.1
                0x08021c48      0x1e0 FLASH_RUN/cc949.o
 .rodata.oem2uni
                0x08021e28    0x10a64 FLASH_RUN/cc949.o
 .rodata.uni2oem
                0x0803288c    0x10a64 FLASH_RUN/cc949.o
 .rodata._exit.str1.1
                0x080432f0       0x20 FLASH_RUN/audio.o
 .rodata._sbrk.str1.1
                0x08043310       0x1a FLASH_RUN/audio.o
 .rodata.audio_file_list.str1.1
                0x0804332a        0x9 FLASH_RUN/audio.o
                                 0x46 (size before relaxing)
 .rodata.find_music.str1.1
                0x08043333       0x10 FLASH_RUN/audio.o
 .rodata.audio_init.str1.1
                0x08043343       0x1c FLASH_RUN/audio.o
 .rodata.music_start.str1.1
                0x0804335f       0x4b FLASH_RUN/audio.o
 .rodata.audio_process.str1.1
                0x080433aa       0x31 FLASH_RUN/audio.o
                                 0x5a (size before relaxing)
 .rodata.str1.1
                0x080433db       0x11 FLASH_RUN/audio.o
 .rodata.mp3_id3v1_decode.str1.1
                0x080433ec        0x4 FLASH_RUN/mp3play.o
 .rodata.mp3_id3v2_decode.str1.1
                0x080433f0       0x2f FLASH_RUN/mp3play.o
 .rodata.mp3_get_info.str1.1
                0x0804341f        0xf FLASH_RUN/mp3play.o
 .rodata.mp3_play_song.str1.1
                0x0804342e       0x52 FLASH_RUN/mp3play.o
                                 0x5f (size before relaxing)
 .rodata.mp3_play.str1.1
                0x08043480       0x2b FLASH_RUN/mp3play.o
 .rodata.wav_decode_init.str1.1
                0x080434ab       0x61 FLASH_RUN/wavplay.o
                                 0x98 (size before relaxing)
 .rodata.wave_play.str1.1
                0x0804350c       0x19 FLASH_RUN/wavplay.o
 .rodata.flac_init.str1.1
                0x0804350c        0x5 FLASH_RUN/flacplay.o
 .rodata.flac_play_song.str1.1
                0x08043511       0x97 FLASH_RUN/flacplay.o
                                 0xbe (size before relaxing)
 .rodata.flac_play.str1.1
                0x080435a8       0x15 FLASH_RUN/flacplay.o
                                 0x2e (size before relaxing)
 .rodata.ape_play_song.str1.1
                0x080435bd       0x23 FLASH_RUN/apeplay.o
                                 0x81 (size before relaxing)
 .rodata.ape_play.str1.1
                0x080435e0       0x29 FLASH_RUN/apeplay.o
                                 0x42 (size before relaxing)
 *fill*         0x08043609        0x1 
 .rodata.xmp3_bitrateTab
                0x0804360a      0x10e source/audio_codec/mp3/mp3.a(mp3tabs.o)